Archive member included to satisfy reference by file (symbol)

c:/nxp/mcuxpressoide_11.1.1_3241/ide/plugins/com.nxp.mcuxpresso.tools.win32_11.1.0.202001081728/tools/bin/../lib/gcc/arm-none-eabi/8.3.1/../../../../arm-none-eabi/lib/thumb/v7e-m+dp/hard\libcr_nohost_nf.a(_cr__main.o)
                              ./startup/startup_mimxrt1021.o (__main)
c:/nxp/mcuxpressoide_11.1.1_3241/ide/plugins/com.nxp.mcuxpresso.tools.win32_11.1.0.202001081728/tools/bin/../lib/gcc/arm-none-eabi/8.3.1/../../../../arm-none-eabi/lib/thumb/v7e-m+dp/hard\libcr_c.a(memcpy.o)
                              ./utilities/fsl_str.o (memcpy)
c:/nxp/mcuxpressoide_11.1.1_3241/ide/plugins/com.nxp.mcuxpresso.tools.win32_11.1.0.202001081728/tools/bin/../lib/gcc/arm-none-eabi/8.3.1/../../../../arm-none-eabi/lib/thumb/v7e-m+dp/hard\libcr_c.a(memset.o)
                              ./utilities/fsl_debug_console.o (memset)
c:/nxp/mcuxpressoide_11.1.1_3241/ide/plugins/com.nxp.mcuxpresso.tools.win32_11.1.0.202001081728/tools/bin/../lib/gcc/arm-none-eabi/8.3.1/../../../../arm-none-eabi/lib/thumb/v7e-m+dp/hard\libcr_c.a(alloc.o)
                              ./drivers/fsl_common.o (malloc)
c:/nxp/mcuxpressoide_11.1.1_3241/ide/plugins/com.nxp.mcuxpresso.tools.win32_11.1.0.202001081728/tools/bin/../lib/gcc/arm-none-eabi/8.3.1/../../../../arm-none-eabi/lib/thumb/v7e-m+dp/hard\libcr_c.a(initio.o)
                              c:/nxp/mcuxpressoide_11.1.1_3241/ide/plugins/com.nxp.mcuxpresso.tools.win32_11.1.0.202001081728/tools/bin/../lib/gcc/arm-none-eabi/8.3.1/../../../../arm-none-eabi/lib/thumb/v7e-m+dp/hard\libcr_nohost_nf.a(_cr__main.o) (_initio)
c:/nxp/mcuxpressoide_11.1.1_3241/ide/plugins/com.nxp.mcuxpresso.tools.win32_11.1.0.202001081728/tools/bin/../lib/gcc/arm-none-eabi/8.3.1/../../../../arm-none-eabi/lib/thumb/v7e-m+dp/hard\libcr_c.a(scanf.o)
                              ./utilities/fsl_str.o (strtoul)
c:/nxp/mcuxpressoide_11.1.1_3241/ide/plugins/com.nxp.mcuxpresso.tools.win32_11.1.0.202001081728/tools/bin/../lib/gcc/arm-none-eabi/8.3.1/../../../../arm-none-eabi/lib/thumb/v7e-m+dp/hard\libcr_c.a(setvbuf.o)
                              c:/nxp/mcuxpressoide_11.1.1_3241/ide/plugins/com.nxp.mcuxpresso.tools.win32_11.1.0.202001081728/tools/bin/../lib/gcc/arm-none-eabi/8.3.1/../../../../arm-none-eabi/lib/thumb/v7e-m+dp/hard\libcr_c.a(initio.o) (setvbuf)
c:/nxp/mcuxpressoide_11.1.1_3241/ide/plugins/com.nxp.mcuxpresso.tools.win32_11.1.0.202001081728/tools/bin/../lib/gcc/arm-none-eabi/8.3.1/../../../../arm-none-eabi/lib/thumb/v7e-m+dp/hard\libcr_c.a(strlen.o)
                              ./utilities/fsl_str.o (strlen)
c:/nxp/mcuxpressoide_11.1.1_3241/ide/plugins/com.nxp.mcuxpresso.tools.win32_11.1.0.202001081728/tools/bin/../lib/gcc/arm-none-eabi/8.3.1/../../../../arm-none-eabi/lib/thumb/v7e-m+dp/hard\libcr_c.a(ungetc.o)
                              c:/nxp/mcuxpressoide_11.1.1_3241/ide/plugins/com.nxp.mcuxpresso.tools.win32_11.1.0.202001081728/tools/bin/../lib/gcc/arm-none-eabi/8.3.1/../../../../arm-none-eabi/lib/thumb/v7e-m+dp/hard\libcr_c.a(scanf.o) (ungetc)
c:/nxp/mcuxpressoide_11.1.1_3241/ide/plugins/com.nxp.mcuxpresso.tools.win32_11.1.0.202001081728/tools/bin/../lib/gcc/arm-none-eabi/8.3.1/../../../../arm-none-eabi/lib/thumb/v7e-m+dp/hard\libcr_c.a(__fillbuf.o)
                              c:/nxp/mcuxpressoide_11.1.1_3241/ide/plugins/com.nxp.mcuxpresso.tools.win32_11.1.0.202001081728/tools/bin/../lib/gcc/arm-none-eabi/8.3.1/../../../../arm-none-eabi/lib/thumb/v7e-m+dp/hard\libcr_c.a(scanf.o) (__filbuf)
c:/nxp/mcuxpressoide_11.1.1_3241/ide/plugins/com.nxp.mcuxpresso.tools.win32_11.1.0.202001081728/tools/bin/../lib/gcc/arm-none-eabi/8.3.1/../../../../arm-none-eabi/lib/thumb/v7e-m+dp/hard\libcr_c.a(__init_alloc.o)
                              c:/nxp/mcuxpressoide_11.1.1_3241/ide/plugins/com.nxp.mcuxpresso.tools.win32_11.1.0.202001081728/tools/bin/../lib/gcc/arm-none-eabi/8.3.1/../../../../arm-none-eabi/lib/thumb/v7e-m+dp/hard\libcr_c.a(alloc.o) (__heaps)
c:/nxp/mcuxpressoide_11.1.1_3241/ide/plugins/com.nxp.mcuxpresso.tools.win32_11.1.0.202001081728/tools/bin/../lib/gcc/arm-none-eabi/8.3.1/../../../../arm-none-eabi/lib/thumb/v7e-m+dp/hard\libcr_c.a(_cr_sbrk.o)
                              c:/nxp/mcuxpressoide_11.1.1_3241/ide/plugins/com.nxp.mcuxpresso.tools.win32_11.1.0.202001081728/tools/bin/../lib/gcc/arm-none-eabi/8.3.1/../../../../arm-none-eabi/lib/thumb/v7e-m+dp/hard\libcr_c.a(alloc.o) (_sbrk)
c:/nxp/mcuxpressoide_11.1.1_3241/ide/plugins/com.nxp.mcuxpresso.tools.win32_11.1.0.202001081728/tools/bin/../lib/gcc/arm-none-eabi/8.3.1/../../../../arm-none-eabi/lib/thumb/v7e-m+dp/hard\libcr_c.a(_deferredlazyseek.o)
                              c:/nxp/mcuxpressoide_11.1.1_3241/ide/plugins/com.nxp.mcuxpresso.tools.win32_11.1.0.202001081728/tools/bin/../lib/gcc/arm-none-eabi/8.3.1/../../../../arm-none-eabi/lib/thumb/v7e-m+dp/hard\libcr_c.a(__fillbuf.o) (_deferredlazyseek)
[...]
Memory Configuration

Name             Origin             Length             Attributes
BOARD_FLASH      0x60000000         0x00800000         xr
BOARD_SDRAM      0x80000000         0x01e00000         xrw
NCACHE_REGION    0x81e00000         0x00200000         xrw
SRAM_DTC         0x20000000         0x00010000         xrw
SRAM_ITC         0x00000000         0x00010000         xrw
SRAM_OC          0x20200000         0x00020000         xrw
*default*        0x00000000         0xffffffff

Linker script and memory map

LOAD ./xip/evkmimxrt1020_flexspi_nor_config.o
LOAD ./xip/fsl_flexspi_nor_boot.o
LOAD ./utilities/fsl_assert.o
LOAD ./utilities/fsl_debug_console.o
LOAD ./utilities/fsl_str.o
LOAD ./startup/startup_mimxrt1021.o
LOAD ./source/bl_api.o
LOAD ./source/hello_world.o
LOAD ./source/semihost_hardfault.o
LOAD ./drivers/fsl_clock.o
LOAD ./drivers/fsl_common.o
LOAD ./drivers/fsl_gpio.o
LOAD ./drivers/fsl_lpuart.o
LOAD ./device/system_MIMXRT1021.o
LOAD ./component/uart/lpuart_adapter.o
LOAD ./component/serial_manager/serial_manager.o
LOAD ./component/serial_manager/serial_port_uart.o
LOAD ./component/lists/generic_list.o
LOAD ./board/board.o
LOAD ./board/clock_config.o
LOAD ./board/dcd.o
LOAD ./board/pin_mux.o
START GROUP
LOAD c:/nxp/mcuxpressoide_11.1.1_3241/ide/plugins/com.nxp.mcuxpresso.tools.win32_11.1.0.202001081728/tools/bin/../lib/gcc/arm-none-eabi/8.3.1/../../../../arm-none-eabi/lib/thumb/v7e-m+dp/hard\libcr_nohost_nf.a
LOAD c:/nxp/mcuxpressoide_11.1.1_3241/ide/plugins/com.nxp.mcuxpresso.tools.win32_11.1.0.202001081728/tools/bin/../lib/gcc/arm-none-eabi/8.3.1/../../../../arm-none-eabi/lib/thumb/v7e-m+dp/hard\libcr_c.a
LOAD c:/nxp/mcuxpressoide_11.1.1_3241/ide/plugins/com.nxp.mcuxpresso.tools.win32_11.1.0.202001081728/tools/bin/../lib/gcc/arm-none-eabi/8.3.1/thumb/v7e-m+dp/hard\libcr_eabihelpers.a
LOAD c:/nxp/mcuxpressoide_11.1.1_3241/ide/plugins/com.nxp.mcuxpresso.tools.win32_11.1.0.202001081728/tools/bin/../lib/gcc/arm-none-eabi/8.3.1/thumb/v7e-m+dp/hard\libgcc.a
END GROUP
                0x60000000                __base_BOARD_FLASH = 0x60000000
                0x60000000                __base_Flash = 0x60000000
                0x60800000                __top_BOARD_FLASH = 0x60800000
                0x60800000                __top_Flash = 0x60800000
                0x80000000                __base_BOARD_SDRAM = 0x80000000
                0x80000000                __base_RAM = 0x80000000
                0x81e00000                __top_BOARD_SDRAM = 0x81e00000
                0x81e00000                __top_RAM = 0x81e00000
                0x81e00000                __base_NCACHE_REGION = 0x81e00000
                0x81e00000                __base_RAM2 = 0x81e00000
                0x82000000                __top_NCACHE_REGION = 0x82000000
                0x82000000                __top_RAM2 = 0x82000000
                0x20000000                __base_SRAM_DTC = 0x20000000
                0x20000000                __base_RAM3 = 0x20000000
                0x20010000                __top_SRAM_DTC = 0x20010000
                0x20010000                __top_RAM3 = 0x20010000
                0x00000000                __base_SRAM_ITC = 0x0
                0x00000000                __base_RAM4 = 0x0
                0x00010000                __top_SRAM_ITC = 0x10000
                0x00010000                __top_RAM4 = 0x10000
                0x20200000                __base_SRAM_OC = 0x20200000
                0x20200000                __base_RAM5 = 0x20200000
                0x20220000                __top_SRAM_OC = 0x20220000
                0x20220000                __top_RAM5 = 0x20220000

.boot_hdr       0x60000000     0x2000
 FILL mask 0xff
                0x60000000                __boot_hdr_start__ = ABSOLUTE (.)
 *(SORT_BY_ALIGNMENT(.boot_hdr.conf))
 .boot_hdr.conf
                0x60000000      0x200 ./xip/evkmimxrt1020_flexspi_nor_config.o
                0x60000000                qspiflash_config
                0x00001000                . = 0x1000
 *fill*         0x60000200      0xe00 ff
 *(SORT_BY_ALIGNMENT(.boot_hdr.ivt))
 .boot_hdr.ivt  0x60001000       0x20 ./xip/fsl_flexspi_nor_boot.o
                0x60001000                image_vector_table
                0x00001020                . = 0x1020
 *(SORT_BY_ALIGNMENT(.boot_hdr.boot_data))
 .boot_hdr.boot_data
                0x60001020       0x10 ./xip/fsl_flexspi_nor_boot.o
                0x60001020                boot_data
                0x00001030                . = 0x1030
 *(SORT_BY_ALIGNMENT(.boot_hdr.dcd_data))
 .boot_hdr.dcd_data
                0x60001030      0x400 ./board/dcd.o
                0x60001030                dcd_data
                0x60001430                __boot_hdr_end__ = ABSOLUTE (.)
                0x00002000                . = 0x2000
 *fill*         0x60001430      0xbd0 ff

.text           0x60002000     0x3fd8
 FILL mask 0xff
                0x60002000                __vectors_start__ = ABSOLUTE (.)
 *(SORT_BY_ALIGNMENT(.isr_vector))
 .isr_vector    0x60002000      0x278 ./startup/startup_mimxrt1021.o
                0x60002000                g_pfnVectors
                0x60002000                __Vectors
                0x60002278                . = ALIGN (0x4)
                0x60002278                __section_table_start = .
                0x60002278                __data_section_table = .
                0x60002278        0x4 LONG 0x60005fd8 LOADADDR (.data)
                0x6000227c        0x4 LONG 0x80000000 ADDR (.data)
                0x60002280        0x4 LONG 0x4 SIZEOF (.data)
                0x60002284        0x4 LONG 0x60005fd8 LOADADDR (.data_RAM2)
                0x60002288        0x4 LONG 0x81e00000 ADDR (.data_RAM2)
                0x6000228c        0x4 LONG 0x0 SIZEOF (.data_RAM2)
                0x60002290        0x4 LONG 0x60005fd8 LOADADDR (.data_RAM3)
                0x60002294        0x4 LONG 0x20000000 ADDR (.data_RAM3)
                0x60002298        0x4 LONG 0x0 SIZEOF (.data_RAM3)
                0x6000229c        0x4 LONG 0x60005fd8 LOADADDR (.data_RAM4)
                0x600022a0        0x4 LONG 0x0 ADDR (.data_RAM4)
                0x600022a4        0x4 LONG 0x0 SIZEOF (.data_RAM4)
                0x600022a8        0x4 LONG 0x60005fd8 LOADADDR (.data_RAM5)
                0x600022ac        0x4 LONG 0x20200000 ADDR (.data_RAM5)
                0x600022b0        0x4 LONG 0x0 SIZEOF (.data_RAM5)
                0x600022b4                __data_section_table_end = .
                0x600022b4                __bss_section_table = .
                0x600022b4        0x4 LONG 0x80000004 ADDR (.bss)
                0x600022b8        0x4 LONG 0x10c SIZEOF (.bss)
                0x600022bc        0x4 LONG 0x81e00000 ADDR (.bss_RAM2)
                0x600022c0        0x4 LONG 0x1c SIZEOF (.bss_RAM2)
                0x600022c4        0x4 LONG 0x20000000 ADDR (.bss_RAM3)
                0x600022c8        0x4 LONG 0x0 SIZEOF (.bss_RAM3)
                0x600022cc        0x4 LONG 0x0 ADDR (.bss_RAM4)
                0x600022d0        0x4 LONG 0x0 SIZEOF (.bss_RAM4)
                0x600022d4        0x4 LONG 0x20200000 ADDR (.bss_RAM5)
                0x600022d8        0x4 LONG 0x0 SIZEOF (.bss_RAM5)
                0x600022dc                __bss_section_table_end = .
                0x600022dc                __section_table_end = .
 *(SORT_BY_ALIGNMENT(.after_vectors*))
 .after_vectors.reset
                0x600022dc       0x4c ./startup/startup_mimxrt1021.o
                0x600022dc                ResetISR
 .after_vectors.init_data
                0x60002328       0x1e ./startup/startup_mimxrt1021.o
                0x60002328                data_init
 .after_vectors.init_bss
                0x60002346       0x12 ./startup/startup_mimxrt1021.o
                0x60002346                bss_init
 .after_vectors
                0x60002358       0x14 ./startup/startup_mimxrt1021.o
                0x60002358                NMI_Handler
                0x6000235c                MemManage_Handler
                0x6000235e                BusFault_Handler
                0x60002360                UsageFault_Handler
                0x60002362                SVC_Handler
                0x60002364                DebugMon_Handler
                0x60002366                PendSV_Handler
                0x60002368                SysTick_Handler
                0x6000236a                Reserved102_DriverIRQHandler
                0x6000236a                Reserved152_DriverIRQHandler
                0x6000236a                DMA13_DMA29_DriverIRQHandler
                0x6000236a                CCM_2_DriverIRQHandler
                0x6000236a                LPSPI4_DriverIRQHandler
                0x6000236a                SEMC_DriverIRQHandler
                0x6000236a                SPDIF_DriverIRQHandler
                0x6000236a                PIT_DriverIRQHandler
                0x6000236a                FLEXRAM_DriverIRQHandler
                0x6000236a                SAI3_RX_DriverIRQHandler
                0x6000236a                USB_PHY_DriverIRQHandler
                0x6000236a                GPIO3_Combined_0_15_DriverIRQHandler
                0x6000236a                Reserved82_DriverIRQHandler
                0x6000236a                DMA7_DMA23_DriverIRQHandler
                0x6000236a                BEE_DriverIRQHandler
                0x6000236a                LPI2C3_DriverIRQHandler
                0x6000236a                GPR_IRQ_DriverIRQHandler
                0x6000236a                Reserved103_DriverIRQHandler
                0x6000236a                PWM2_FAULT_DriverIRQHandler
                0x6000236a                Reserved56_DriverIRQHandler
                0x6000236a                DMA14_DMA30_DriverIRQHandler
                0x6000236a                TMR1_DriverIRQHandler
                0x6000236a                TRNG_DriverIRQHandler
                0x6000236a                ENET_1588_Timer_DriverIRQHandler
                0x6000236a                GPIO2_Combined_16_31_DriverIRQHandler
                0x6000236a                Reserved143_DriverIRQHandler
                0x6000236a                LPSPI2_DriverIRQHandler
                0x6000236a                Reserved151_DriverIRQHandler
                0x6000236a                DMA0_DMA16_DriverIRQHandler
                0x6000236a                IntDefaultHandler
                0x6000236a                DMA2_DMA18_DriverIRQHandler
                0x6000236a                SRC_DriverIRQHandler
                0x6000236a                GPIO1_INT4_DriverIRQHandler
                0x6000236a                Reserved144_DriverIRQHandler
                0x6000236a                USDHC1_DriverIRQHandler
                0x6000236a                EWM_DriverIRQHandler
                0x6000236a                KPP_DriverIRQHandler
                0x6000236a                FLEXIO1_DriverIRQHandler
                0x6000236a                ENET_DriverIRQHandler
                0x6000236a                Reserved78_DriverIRQHandler
                0x6000236a                ENC2_DriverIRQHandler
                0x6000236a                ADC_ETC_IRQ2_DriverIRQHandler
                0x6000236a                GPIO1_Combined_16_31_DriverIRQHandler
                0x6000236a                GPIO1_INT7_DriverIRQHandler
                0x6000236a                SAI1_DriverIRQHandler
                0x6000236a                DCDC_DriverIRQHandler
                0x6000236a                DMA12_DMA28_DriverIRQHandler
                0x6000236a                ADC_ETC_ERROR_IRQ_DriverIRQHandler
                0x6000236a                ACMP2_DriverIRQHandler
                0x6000236a                GPIO5_Combined_0_15_DriverIRQHandler
                0x6000236a                GPIO1_INT0_DriverIRQHandler
                0x6000236a                GPIO1_INT2_DriverIRQHandler
                0x6000236a                RTWDOG_DriverIRQHandler
                0x6000236a                FLEXSPI_DriverIRQHandler
                0x6000236a                GPT2_DriverIRQHandler
                0x6000236a                DMA10_DMA26_DriverIRQHandler
                0x6000236a                PWM2_1_DriverIRQHandler
                0x6000236a                PWM1_1_DriverIRQHandler
                0x6000236a                ADC1_DriverIRQHandler
                0x6000236a                Reserved148_DriverIRQHandler
                0x6000236a                PWM1_0_DriverIRQHandler
                0x6000236a                DMA1_DMA17_DriverIRQHandler
                0x6000236a                ENC1_DriverIRQHandler
                0x6000236a                CAN2_DriverIRQHandler
                0x6000236a                DCP_DriverIRQHandler
                0x6000236a                CTI0_ERROR_DriverIRQHandler
                0x6000236a                DMA8_DMA24_DriverIRQHandler
                0x6000236a                GPT1_DriverIRQHandler
                0x6000236a                ACMP3_DriverIRQHandler
                0x6000236a                DMA6_DMA22_DriverIRQHandler
                0x6000236a                CSU_DriverIRQHandler
                0x6000236a                GPIO1_INT5_DriverIRQHandler
                0x6000236a                TMR2_DriverIRQHandler
                0x6000236a                CTI1_ERROR_DriverIRQHandler
                0x6000236a                GPIO1_Combined_0_15_DriverIRQHandler
                0x6000236a                USDHC2_DriverIRQHandler
                0x6000236a                Reserved87_DriverIRQHandler
                0x6000236a                SAI2_DriverIRQHandler
                0x6000236a                CORE_DriverIRQHandler
                0x6000236a                Reserved147_DriverIRQHandler
                0x6000236a                WDOG1_DriverIRQHandler
                0x6000236a                DMA11_DMA27_DriverIRQHandler
                0x6000236a                PWM2_3_DriverIRQHandler
                0x6000236a                Reserved60_DriverIRQHandler
                0x6000236a                XBAR1_IRQ_2_3_DriverIRQHandler
                0x6000236a                SNVS_HP_WRAPPER_TZ_DriverIRQHandler
                0x6000236a                GPIO3_Combined_16_31_DriverIRQHandler
                0x6000236a                PWM1_FAULT_DriverIRQHandler
                0x6000236a                LPI2C1_DriverIRQHandler
                0x6000236a                PWM2_2_DriverIRQHandler
                0x6000236a                Reserved128_DriverIRQHandler
                0x6000236a                DMA4_DMA20_DriverIRQHandler
                0x6000236a                DMA9_DMA25_DriverIRQHandler
                0x6000236a                SNVS_HP_WRAPPER_DriverIRQHandler
                0x6000236a                XBAR1_IRQ_0_1_DriverIRQHandler
                0x6000236a                ADC_ETC_IRQ1_DriverIRQHandler
                0x6000236a                LPSPI1_DriverIRQHandler
                0x6000236a                DMA3_DMA19_DriverIRQHandler
                0x6000236a                GPIO1_INT3_DriverIRQHandler
                0x6000236a                DCP_VMI_DriverIRQHandler
                0x6000236a                LPI2C4_DriverIRQHandler
                0x6000236a                GPC_DriverIRQHandler
                0x6000236a                Reserved123_DriverIRQHandler
                0x6000236a                GPIO2_Combined_0_15_DriverIRQHandler
                0x6000236a                PWM1_2_DriverIRQHandler
                0x6000236a                USB_OTG1_DriverIRQHandler
                0x6000236a                TEMP_LOW_HIGH_DriverIRQHandler
                0x6000236a                SAI3_TX_DriverIRQHandler
                0x6000236a                WDOG2_DriverIRQHandler
                0x6000236a                Reserved68_DriverIRQHandler
                0x6000236a                PMU_DriverIRQHandler
                0x6000236a                Reserved59_DriverIRQHandler
                0x6000236a                GPIO5_Combined_16_31_DriverIRQHandler
                0x6000236a                DMA5_DMA21_DriverIRQHandler
                0x6000236a                CCM_1_DriverIRQHandler
                0x6000236a                ADC2_DriverIRQHandler
                0x6000236a                Reserved58_DriverIRQHandler
                0x6000236a                Reserved115_DriverIRQHandler
                0x6000236a                TEMP_PANIC_DriverIRQHandler
                0x6000236a                ACMP4_DriverIRQHandler
                0x6000236a                DMA15_DMA31_DriverIRQHandler
                0x6000236a                Reserved107_DriverIRQHandler
                0x6000236a                LPSPI3_DriverIRQHandler
                0x6000236a                PWM1_3_DriverIRQHandler
                0x6000236a                Reserved70_DriverIRQHandler
                0x6000236a                ACMP1_DriverIRQHandler
                0x6000236a                LPI2C2_DriverIRQHandler
                0x6000236a                Reserved86_DriverIRQHandler
                0x6000236a                DMA_ERROR_DriverIRQHandler
                0x6000236a                ADC_ETC_IRQ0_DriverIRQHandler
                0x6000236a                CAN1_DriverIRQHandler
                0x6000236a                GPIO1_INT6_DriverIRQHandler
                0x6000236a                GPIO1_INT1_DriverIRQHandler
                0x6000236a                PWM2_0_DriverIRQHandler
                0x6000236a                SNVS_LP_WRAPPER_DriverIRQHandler
 *(SORT_BY_ALIGNMENT(.text*))
 .text.__assertion_failed
                0x6000236c       0x18 ./utilities/fsl_assert.o
                0x6000236c                __assertion_failed
 .text.DbgConsole_SendDataReliable
                0x60002384       0x64 ./utilities/fsl_debug_console.o
                0x60002384                DbgConsole_SendDataReliable
 .text.DbgConsole_Init
                0x600023e8      0x118 ./utilities/fsl_debug_console.o
                0x600023e8                DbgConsole_Init
 .text.DbgConsole_Printf
                0x60002500       0x70 ./utilities/fsl_debug_console.o
                0x60002500                DbgConsole_Printf
 .text.main     0x60002570      0x150 ./source/hello_world.o
                0x60002570                main
 .text.CLOCK_GetOscFreq
                0x600026c0       0x30 ./drivers/fsl_clock.o
 .text.CLOCK_InitExternalClk
                0x600026f0       0x6c ./drivers/fsl_clock.o
                0x600026f0                CLOCK_InitExternalClk
 .text.CLOCK_SwitchOsc
                0x6000275c       0x34 ./drivers/fsl_clock.o
                0x6000275c                CLOCK_SwitchOsc
 .text.CLOCK_InitRcOsc24M
                0x60002790       0x24 ./drivers/fsl_clock.o
                0x60002790                CLOCK_InitRcOsc24M
 .text.CLOCK_DeinitAudioPll
                0x600027b4       0x1c ./drivers/fsl_clock.o
                0x600027b4                CLOCK_DeinitAudioPll
 .text.CLOCK_InitEnetPll
                0x600027d0       0xa4 ./drivers/fsl_clock.o
                0x600027d0                CLOCK_InitEnetPll
 .text.CLOCK_GetPllFreq
                0x60002874      0x250 ./drivers/fsl_clock.o
                0x60002874                CLOCK_GetPllFreq
 .text.CLOCK_ControlGate
                0x60002ac4       0x64 ./drivers/fsl_lpuart.o
 .text.LPUART_GetInstance
                0x60002b28       0x4c ./drivers/fsl_lpuart.o
                0x60002b28                LPUART_GetInstance
 .text.LPUART_Init
                0x60002b74      0x310 ./drivers/fsl_lpuart.o
                0x60002b74                LPUART_Init
 .text.LPUART_GetDefaultConfig
                0x60002e84       0x88 ./drivers/fsl_lpuart.o
                0x60002e84                LPUART_GetDefaultConfig
 .text.LPUART_WriteBlocking
                0x60002f0c       0x68 ./drivers/fsl_lpuart.o
                0x60002f0c                LPUART_WriteBlocking
 .text.LPUART1_DriverIRQHandler
                0x60002f74       0x28 ./drivers/fsl_lpuart.o
                0x60002f74                LPUART1_DriverIRQHandler
 .text.LPUART2_DriverIRQHandler
                0x60002f9c       0x28 ./drivers/fsl_lpuart.o
                0x60002f9c                LPUART2_DriverIRQHandler
 .text.LPUART3_DriverIRQHandler
                0x60002fc4       0x28 ./drivers/fsl_lpuart.o
                0x60002fc4                LPUART3_DriverIRQHandler
 .text.LPUART4_DriverIRQHandler
                0x60002fec       0x28 ./drivers/fsl_lpuart.o
                0x60002fec                LPUART4_DriverIRQHandler
 .text.LPUART5_DriverIRQHandler
                0x60003014       0x28 ./drivers/fsl_lpuart.o
                0x60003014                LPUART5_DriverIRQHandler
 .text.LPUART6_DriverIRQHandler
                0x6000303c       0x28 ./drivers/fsl_lpuart.o
                0x6000303c                LPUART6_DriverIRQHandler
 .text.LPUART7_DriverIRQHandler
                0x60003064       0x28 ./drivers/fsl_lpuart.o
                0x60003064                LPUART7_DriverIRQHandler
 .text.LPUART8_DriverIRQHandler
                0x6000308c       0x28 ./drivers/fsl_lpuart.o
                0x6000308c                LPUART8_DriverIRQHandler
 .text.SystemInit
                0x600030b4      0x1c8 ./device/system_MIMXRT1021.o
                0x600030b4                SystemInit
 .text.HAL_UartInit
                0x6000327c      0x100 ./component/uart/lpuart_adapter.o
                0x6000327c                HAL_UartInit
 .text.HAL_UartSendBlocking
                0x6000337c       0x64 ./component/uart/lpuart_adapter.o
                0x6000337c                HAL_UartSendBlocking
 .text.SerialManager_Write
                0x600033e0       0x6c ./component/serial_manager/serial_manager.o
 .text.SerialManager_Init
                0x6000344c       0x74 ./component/serial_manager/serial_manager.o
                0x6000344c                SerialManager_Init
 .text.SerialManager_OpenWriteHandle
                0x600034c0       0x64 ./component/serial_manager/serial_manager.o
                0x600034c0                SerialManager_OpenWriteHandle
 .text.SerialManager_OpenReadHandle
                0x60003524       0x74 ./component/serial_manager/serial_manager.o
                0x60003524                SerialManager_OpenReadHandle
 .text.Serial_UartInit
                0x60003598       0x80 ./component/serial_manager/serial_port_uart.o
                0x60003598                Serial_UartInit
 .text.Serial_UartWrite
                0x60003618       0x58 ./component/serial_manager/serial_port_uart.o
                0x60003618                Serial_UartWrite
 .text.ARM_MPU_Enable
                0x60003670       0x3c ./board/board.o
 .text.ARM_MPU_Disable
                0x600036ac       0x34 ./board/board.o
 .text.CLOCK_GetMux
                0x600036e0       0x44 ./board/board.o
 .text.CLOCK_GetDiv
                0x60003724       0x44 ./board/board.o
 .text.CLOCK_GetOscFreq
                0x60003768       0x30 ./board/board.o
 .text.BOARD_DebugConsoleSrcFreq
                0x60003798       0x64 ./board/board.o
                0x60003798                BOARD_DebugConsoleSrcFreq
 .text.BOARD_ConfigMPU
                0x600037fc      0x2c0 ./board/board.o
                0x600037fc                BOARD_ConfigMPU
 .text.CLOCK_SetMux
                0x60003abc       0x9c ./board/clock_config.o
 .text.CLOCK_SetDiv
                0x60003b58       0x9c ./board/clock_config.o
 .text.CLOCK_ControlGate
                0x60003bf4       0x64 ./board/clock_config.o
 .text.CLOCK_SetXtalFreq
                0x60003c58       0x20 ./board/clock_config.o
 .text.CLOCK_SetRtcXtalFreq
                0x60003c78       0x20 ./board/clock_config.o
 .text.IOMUXC_EnableMode
                0x60003c98       0x48 ./board/clock_config.o
 .text.IOMUXC_MQSConfig
                0x60003ce0       0x44 ./board/clock_config.o
 .text.BOARD_BootClockRUN
                0x60003d24      0x498 ./board/clock_config.o
                0x60003d24                BOARD_BootClockRUN
 .text.CLOCK_ControlGate
                0x600041bc       0x64 ./board/pin_mux.o
 .text.BOARD_InitPins
                0x60004220       0xac ./board/pin_mux.o
                0x60004220                BOARD_InitPins
 .text._initio  0x600042cc       0x78 c:/nxp/mcuxpressoide_11.1.1_3241/ide/plugins/com.nxp.mcuxpresso.tools.win32_11.1.0.202001081728/tools/bin/../lib/gcc/arm-none-eabi/8.3.1/../../../../arm-none-eabi/lib/thumb/v7e-m+dp/hard\libcr_c.a(initio.o)
                0x600042cc                _initio
 .text.setvbuf  0x60004344       0x40 c:/nxp/mcuxpressoide_11.1.1_3241/ide/plugins/com.nxp.mcuxpresso.tools.win32_11.1.0.202001081728/tools/bin/../lib/gcc/arm-none-eabi/8.3.1/../../../../arm-none-eabi/lib/thumb/v7e-m+dp/hard\libcr_c.a(setvbuf.o)
                0x60004344                setvbuf
 .text._Cwritebuf
                0x60004384       0x6c c:/nxp/mcuxpressoide_11.1.1_3241/ide/plugins/com.nxp.mcuxpresso.tools.win32_11.1.0.202001081728/tools/bin/../lib/gcc/arm-none-eabi/8.3.1/../../../../arm-none-eabi/lib/thumb/v7e-m+dp/hard\libcr_c.a(_writebuf.o)
                0x60004384                _Cwritebuf
 .text.fflush   0x600043f0       0x44 c:/nxp/mcuxpressoide_11.1.1_3241/ide/plugins/com.nxp.mcuxpresso.tools.win32_11.1.0.202001081728/tools/bin/../lib/gcc/arm-none-eabi/8.3.1/../../../../arm-none-eabi/lib/thumb/v7e-m+dp/hard\libcr_c.a(fflush.o)
                0x600043f0                fflush
 .text.fseek    0x60004434      0x100 c:/nxp/mcuxpressoide_11.1.1_3241/ide/plugins/com.nxp.mcuxpresso.tools.win32_11.1.0.202001081728/tools/bin/../lib/gcc/arm-none-eabi/8.3.1/../../../../arm-none-eabi/lib/thumb/v7e-m+dp/hard\libcr_c.a(fseek.o)
                0x60004434                fseek
 .text.ftell    0x60004534       0x48 c:/nxp/mcuxpressoide_11.1.1_3241/ide/plugins/com.nxp.mcuxpresso.tools.win32_11.1.0.202001081728/tools/bin/../lib/gcc/arm-none-eabi/8.3.1/../../../../arm-none-eabi/lib/thumb/v7e-m+dp/hard\libcr_c.a(ftell.o)
                0x60004534                ftell
 .text.DbgConsole_PrintCallback
                0x6000457c       0x64 ./utilities/fsl_debug_console.o
 .text.PrintGetWidth
                0x600045e0       0x6a ./utilities/fsl_str.o
 .text.PrintGetPrecision
                0x6000464a       0x8c ./utilities/fsl_str.o
 .text.PrintIsobpu
                0x600046d6       0x38 ./utilities/fsl_str.o
 .text.PrintIsdi
                0x6000470e       0x2c ./utilities/fsl_str.o
 .text.PrintOutputdifFobpu
                0x6000473a       0x42 ./utilities/fsl_str.o
 .text.PrintOutputxX
                0x6000477c       0x42 ./utilities/fsl_str.o
 .text.PrintIsfF
                0x600047be       0x2c ./utilities/fsl_str.o
 .text.PrintIsxX
                0x600047ea       0x2c ./utilities/fsl_str.o
 .text.PrintGetRadixFromobpu
                0x60004816       0x40 ./utilities/fsl_str.o
 .text.ConvertRadixNumToString
                0x60004856      0x118 ./utilities/fsl_str.o
 .text.StrFormatPrintf
                0x6000496e      0x286 ./utilities/fsl_str.o
                0x6000496e                StrFormatPrintf
 .text.DMA0_DMA16_IRQHandler
                0x60004bf4        0x8 ./startup/startup_mimxrt1021.o
                0x60004bf4                DMA0_DMA16_IRQHandler
 .text.DMA1_DMA17_IRQHandler
                0x60004bfc        0x8 ./startup/startup_mimxrt1021.o
                0x60004bfc                DMA1_DMA17_IRQHandler
 .text.DMA2_DMA18_IRQHandler
                0x60004c04        0x8 ./startup/startup_mimxrt1021.o
                0x60004c04                DMA2_DMA18_IRQHandler
 .text.DMA3_DMA19_IRQHandler
                0x60004c0c        0x8 ./startup/startup_mimxrt1021.o
                0x60004c0c                DMA3_DMA19_IRQHandler
 .text.DMA4_DMA20_IRQHandler
                0x60004c14        0x8 ./startup/startup_mimxrt1021.o
                0x60004c14                DMA4_DMA20_IRQHandler
 .text.DMA5_DMA21_IRQHandler
                0x60004c1c        0x8 ./startup/startup_mimxrt1021.o
                0x60004c1c                DMA5_DMA21_IRQHandler
 .text.DMA6_DMA22_IRQHandler
                0x60004c24        0x8 ./startup/startup_mimxrt1021.o
                0x60004c24                DMA6_DMA22_IRQHandler
 .text.DMA7_DMA23_IRQHandler
                0x60004c2c        0x8 ./startup/startup_mimxrt1021.o
                0x60004c2c                DMA7_DMA23_IRQHandler
 .text.DMA8_DMA24_IRQHandler
                0x60004c34        0x8 ./startup/startup_mimxrt1021.o
                0x60004c34                DMA8_DMA24_IRQHandler
 .text.DMA9_DMA25_IRQHandler
                0x60004c3c        0x8 ./startup/startup_mimxrt1021.o
                0x60004c3c                DMA9_DMA25_IRQHandler
 .text.DMA10_DMA26_IRQHandler
                0x60004c44        0x8 ./startup/startup_mimxrt1021.o
                0x60004c44                DMA10_DMA26_IRQHandler
 .text.DMA11_DMA27_IRQHandler
                0x60004c4c        0x8 ./startup/startup_mimxrt1021.o
                0x60004c4c                DMA11_DMA27_IRQHandler
 .text.DMA12_DMA28_IRQHandler
                0x60004c54        0x8 ./startup/startup_mimxrt1021.o
                0x60004c54                DMA12_DMA28_IRQHandler
 .text.DMA13_DMA29_IRQHandler
                0x60004c5c        0x8 ./startup/startup_mimxrt1021.o
                0x60004c5c                DMA13_DMA29_IRQHandler
 .text.DMA14_DMA30_IRQHandler
                0x60004c64        0x8 ./startup/startup_mimxrt1021.o
                0x60004c64                DMA14_DMA30_IRQHandler
 .text.DMA15_DMA31_IRQHandler
                0x60004c6c        0x8 ./startup/startup_mimxrt1021.o
                0x60004c6c                DMA15_DMA31_IRQHandler
 .text.DMA_ERROR_IRQHandler
                0x60004c74        0x8 ./startup/startup_mimxrt1021.o
                0x60004c74                DMA_ERROR_IRQHandler
 .text.CTI0_ERROR_IRQHandler
                0x60004c7c        0x8 ./startup/startup_mimxrt1021.o
                0x60004c7c                CTI0_ERROR_IRQHandler
 .text.CTI1_ERROR_IRQHandler
                0x60004c84        0x8 ./startup/startup_mimxrt1021.o
                0x60004c84                CTI1_ERROR_IRQHandler
 .text.CORE_IRQHandler
                0x60004c8c        0x8 ./startup/startup_mimxrt1021.o
                0x60004c8c                CORE_IRQHandler
 .text.LPUART1_IRQHandler
                0x60004c94        0x8 ./startup/startup_mimxrt1021.o
                0x60004c94                LPUART1_IRQHandler
 .text.LPUART2_IRQHandler
                0x60004c9c        0x8 ./startup/startup_mimxrt1021.o
                0x60004c9c                LPUART2_IRQHandler
 .text.LPUART3_IRQHandler
                0x60004ca4        0x8 ./startup/startup_mimxrt1021.o
                0x60004ca4                LPUART3_IRQHandler
 .text.LPUART4_IRQHandler
                0x60004cac        0x8 ./startup/startup_mimxrt1021.o
                0x60004cac                LPUART4_IRQHandler
 .text.LPUART5_IRQHandler
                0x60004cb4        0x8 ./startup/startup_mimxrt1021.o
                0x60004cb4                LPUART5_IRQHandler
 .text.LPUART6_IRQHandler
                0x60004cbc        0x8 ./startup/startup_mimxrt1021.o
                0x60004cbc                LPUART6_IRQHandler
 .text.LPUART7_IRQHandler
                0x60004cc4        0x8 ./startup/startup_mimxrt1021.o
                0x60004cc4                LPUART7_IRQHandler
 .text.LPUART8_IRQHandler
                0x60004ccc        0x8 ./startup/startup_mimxrt1021.o
                0x60004ccc                LPUART8_IRQHandler
 .text.LPI2C1_IRQHandler
                0x60004cd4        0x8 ./startup/startup_mimxrt1021.o
                0x60004cd4                LPI2C1_IRQHandler
 .text.LPI2C2_IRQHandler
                0x60004cdc        0x8 ./startup/startup_mimxrt1021.o
                0x60004cdc                LPI2C2_IRQHandler
 .text.LPI2C3_IRQHandler
                0x60004ce4        0x8 ./startup/startup_mimxrt1021.o
                0x60004ce4                LPI2C3_IRQHandler
 .text.LPI2C4_IRQHandler
                0x60004cec        0x8 ./startup/startup_mimxrt1021.o
                0x60004cec                LPI2C4_IRQHandler
 .text.LPSPI1_IRQHandler
                0x60004cf4        0x8 ./startup/startup_mimxrt1021.o
                0x60004cf4                LPSPI1_IRQHandler
 .text.LPSPI2_IRQHandler
                0x60004cfc        0x8 ./startup/startup_mimxrt1021.o
                0x60004cfc                LPSPI2_IRQHandler
 .text.LPSPI3_IRQHandler
                0x60004d04        0x8 ./startup/startup_mimxrt1021.o
                0x60004d04                LPSPI3_IRQHandler
 .text.LPSPI4_IRQHandler
                0x60004d0c        0x8 ./startup/startup_mimxrt1021.o
                0x60004d0c                LPSPI4_IRQHandler
 .text.CAN1_IRQHandler
                0x60004d14        0x8 ./startup/startup_mimxrt1021.o
                0x60004d14                CAN1_IRQHandler
 .text.CAN2_IRQHandler
                0x60004d1c        0x8 ./startup/startup_mimxrt1021.o
                0x60004d1c                CAN2_IRQHandler
 .text.FLEXRAM_IRQHandler
                0x60004d24        0x8 ./startup/startup_mimxrt1021.o
                0x60004d24                FLEXRAM_IRQHandler
 .text.KPP_IRQHandler
                0x60004d2c        0x8 ./startup/startup_mimxrt1021.o
                0x60004d2c                KPP_IRQHandler
 .text.Reserved56_IRQHandler
                0x60004d34        0x8 ./startup/startup_mimxrt1021.o
                0x60004d34                Reserved56_IRQHandler
 .text.GPR_IRQ_IRQHandler
                0x60004d3c        0x8 ./startup/startup_mimxrt1021.o
                0x60004d3c                GPR_IRQ_IRQHandler
 .text.Reserved58_IRQHandler
                0x60004d44        0x8 ./startup/startup_mimxrt1021.o
                0x60004d44                Reserved58_IRQHandler
 .text.Reserved59_IRQHandler
                0x60004d4c        0x8 ./startup/startup_mimxrt1021.o
                0x60004d4c                Reserved59_IRQHandler
 .text.Reserved60_IRQHandler
                0x60004d54        0x8 ./startup/startup_mimxrt1021.o
                0x60004d54                Reserved60_IRQHandler
 .text.WDOG2_IRQHandler
                0x60004d5c        0x8 ./startup/startup_mimxrt1021.o
                0x60004d5c                WDOG2_IRQHandler
 .text.SNVS_HP_WRAPPER_IRQHandler
                0x60004d64        0x8 ./startup/startup_mimxrt1021.o
                0x60004d64                SNVS_HP_WRAPPER_IRQHandler
 .text.SNVS_HP_WRAPPER_TZ_IRQHandler
                0x60004d6c        0x8 ./startup/startup_mimxrt1021.o
                0x60004d6c                SNVS_HP_WRAPPER_TZ_IRQHandler
 .text.SNVS_LP_WRAPPER_IRQHandler
                0x60004d74        0x8 ./startup/startup_mimxrt1021.o
                0x60004d74                SNVS_LP_WRAPPER_IRQHandler
 .text.CSU_IRQHandler
                0x60004d7c        0x8 ./startup/startup_mimxrt1021.o
                0x60004d7c                CSU_IRQHandler
 .text.DCP_IRQHandler
                0x60004d84        0x8 ./startup/startup_mimxrt1021.o
                0x60004d84                DCP_IRQHandler
 .text.DCP_VMI_IRQHandler
                0x60004d8c        0x8 ./startup/startup_mimxrt1021.o
                0x60004d8c                DCP_VMI_IRQHandler
 .text.Reserved68_IRQHandler
                0x60004d94        0x8 ./startup/startup_mimxrt1021.o
                0x60004d94                Reserved68_IRQHandler
 .text.TRNG_IRQHandler
                0x60004d9c        0x8 ./startup/startup_mimxrt1021.o
                0x60004d9c                TRNG_IRQHandler
 .text.Reserved70_IRQHandler
                0x60004da4        0x8 ./startup/startup_mimxrt1021.o
                0x60004da4                Reserved70_IRQHandler
 .text.BEE_IRQHandler
                0x60004dac        0x8 ./startup/startup_mimxrt1021.o
                0x60004dac                BEE_IRQHandler
 .text.SAI1_IRQHandler
                0x60004db4        0x8 ./startup/startup_mimxrt1021.o
                0x60004db4                SAI1_IRQHandler
 .text.SAI2_IRQHandler
                0x60004dbc        0x8 ./startup/startup_mimxrt1021.o
                0x60004dbc                SAI2_IRQHandler
 .text.SAI3_RX_IRQHandler
                0x60004dc4        0x8 ./startup/startup_mimxrt1021.o
                0x60004dc4                SAI3_RX_IRQHandler
 .text.SAI3_TX_IRQHandler
                0x60004dcc        0x8 ./startup/startup_mimxrt1021.o
                0x60004dcc                SAI3_TX_IRQHandler
 .text.SPDIF_IRQHandler
                0x60004dd4        0x8 ./startup/startup_mimxrt1021.o
                0x60004dd4                SPDIF_IRQHandler
 .text.PMU_IRQHandler
                0x60004ddc        0x8 ./startup/startup_mimxrt1021.o
                0x60004ddc                PMU_IRQHandler
 .text.Reserved78_IRQHandler
                0x60004de4        0x8 ./startup/startup_mimxrt1021.o
                0x60004de4                Reserved78_IRQHandler
 .text.TEMP_LOW_HIGH_IRQHandler
                0x60004dec        0x8 ./startup/startup_mimxrt1021.o
                0x60004dec                TEMP_LOW_HIGH_IRQHandler
 .text.TEMP_PANIC_IRQHandler
                0x60004df4        0x8 ./startup/startup_mimxrt1021.o
                0x60004df4                TEMP_PANIC_IRQHandler
 .text.USB_PHY_IRQHandler
                0x60004dfc        0x8 ./startup/startup_mimxrt1021.o
                0x60004dfc                USB_PHY_IRQHandler
 .text.Reserved82_IRQHandler
                0x60004e04        0x8 ./startup/startup_mimxrt1021.o
                0x60004e04                Reserved82_IRQHandler
 .text.ADC1_IRQHandler
                0x60004e0c        0x8 ./startup/startup_mimxrt1021.o
                0x60004e0c                ADC1_IRQHandler
 .text.ADC2_IRQHandler
                0x60004e14        0x8 ./startup/startup_mimxrt1021.o
                0x60004e14                ADC2_IRQHandler
 .text.DCDC_IRQHandler
                0x60004e1c        0x8 ./startup/startup_mimxrt1021.o
                0x60004e1c                DCDC_IRQHandler
 .text.Reserved86_IRQHandler
                0x60004e24        0x8 ./startup/startup_mimxrt1021.o
                0x60004e24                Reserved86_IRQHandler
 .text.Reserved87_IRQHandler
                0x60004e2c        0x8 ./startup/startup_mimxrt1021.o
                0x60004e2c                Reserved87_IRQHandler
 .text.GPIO1_INT0_IRQHandler
                0x60004e34        0x8 ./startup/startup_mimxrt1021.o
                0x60004e34                GPIO1_INT0_IRQHandler
 .text.GPIO1_INT1_IRQHandler
                0x60004e3c        0x8 ./startup/startup_mimxrt1021.o
                0x60004e3c                GPIO1_INT1_IRQHandler
 .text.GPIO1_INT2_IRQHandler
                0x60004e44        0x8 ./startup/startup_mimxrt1021.o
                0x60004e44                GPIO1_INT2_IRQHandler
 .text.GPIO1_INT3_IRQHandler
                0x60004e4c        0x8 ./startup/startup_mimxrt1021.o
                0x60004e4c                GPIO1_INT3_IRQHandler
 .text.GPIO1_INT4_IRQHandler
                0x60004e54        0x8 ./startup/startup_mimxrt1021.o
                0x60004e54                GPIO1_INT4_IRQHandler
 .text.GPIO1_INT5_IRQHandler
                0x60004e5c        0x8 ./startup/startup_mimxrt1021.o
                0x60004e5c                GPIO1_INT5_IRQHandler
 .text.GPIO1_INT6_IRQHandler
                0x60004e64        0x8 ./startup/startup_mimxrt1021.o
                0x60004e64                GPIO1_INT6_IRQHandler
 .text.GPIO1_INT7_IRQHandler
                0x60004e6c        0x8 ./startup/startup_mimxrt1021.o
                0x60004e6c                GPIO1_INT7_IRQHandler
 .text.GPIO1_Combined_0_15_IRQHandler
                0x60004e74        0x8 ./startup/startup_mimxrt1021.o
                0x60004e74                GPIO1_Combined_0_15_IRQHandler
 .text.GPIO1_Combined_16_31_IRQHandler
                0x60004e7c        0x8 ./startup/startup_mimxrt1021.o
                0x60004e7c                GPIO1_Combined_16_31_IRQHandler
 .text.GPIO2_Combined_0_15_IRQHandler
                0x60004e84        0x8 ./startup/startup_mimxrt1021.o
                0x60004e84                GPIO2_Combined_0_15_IRQHandler
 .text.GPIO2_Combined_16_31_IRQHandler
                0x60004e8c        0x8 ./startup/startup_mimxrt1021.o
                0x60004e8c                GPIO2_Combined_16_31_IRQHandler
 .text.GPIO3_Combined_0_15_IRQHandler
                0x60004e94        0x8 ./startup/startup_mimxrt1021.o
                0x60004e94                GPIO3_Combined_0_15_IRQHandler
 .text.GPIO3_Combined_16_31_IRQHandler
                0x60004e9c        0x8 ./startup/startup_mimxrt1021.o
                0x60004e9c                GPIO3_Combined_16_31_IRQHandler
 .text.Reserved102_IRQHandler
                0x60004ea4        0x8 ./startup/startup_mimxrt1021.o
                0x60004ea4                Reserved102_IRQHandler
 .text.Reserved103_IRQHandler
                0x60004eac        0x8 ./startup/startup_mimxrt1021.o
                0x60004eac                Reserved103_IRQHandler
 .text.GPIO5_Combined_0_15_IRQHandler
                0x60004eb4        0x8 ./startup/startup_mimxrt1021.o
                0x60004eb4                GPIO5_Combined_0_15_IRQHandler
 .text.GPIO5_Combined_16_31_IRQHandler
                0x60004ebc        0x8 ./startup/startup_mimxrt1021.o
                0x60004ebc                GPIO5_Combined_16_31_IRQHandler
 .text.FLEXIO1_IRQHandler
                0x60004ec4        0x8 ./startup/startup_mimxrt1021.o
                0x60004ec4                FLEXIO1_IRQHandler
 .text.Reserved107_IRQHandler
                0x60004ecc        0x8 ./startup/startup_mimxrt1021.o
                0x60004ecc                Reserved107_IRQHandler
 .text.WDOG1_IRQHandler
                0x60004ed4        0x8 ./startup/startup_mimxrt1021.o
                0x60004ed4                WDOG1_IRQHandler
 .text.RTWDOG_IRQHandler
                0x60004edc        0x8 ./startup/startup_mimxrt1021.o
                0x60004edc                RTWDOG_IRQHandler
 .text.EWM_IRQHandler
                0x60004ee4        0x8 ./startup/startup_mimxrt1021.o
                0x60004ee4                EWM_IRQHandler
 .text.CCM_1_IRQHandler
                0x60004eec        0x8 ./startup/startup_mimxrt1021.o
                0x60004eec                CCM_1_IRQHandler
 .text.CCM_2_IRQHandler
                0x60004ef4        0x8 ./startup/startup_mimxrt1021.o
                0x60004ef4                CCM_2_IRQHandler
 .text.GPC_IRQHandler
                0x60004efc        0x8 ./startup/startup_mimxrt1021.o
                0x60004efc                GPC_IRQHandler
 .text.SRC_IRQHandler
                0x60004f04        0x8 ./startup/startup_mimxrt1021.o
                0x60004f04                SRC_IRQHandler
 .text.Reserved115_IRQHandler
                0x60004f0c        0x8 ./startup/startup_mimxrt1021.o
                0x60004f0c                Reserved115_IRQHandler
 .text.GPT1_IRQHandler
                0x60004f14        0x8 ./startup/startup_mimxrt1021.o
                0x60004f14                GPT1_IRQHandler
 .text.GPT2_IRQHandler
                0x60004f1c        0x8 ./startup/startup_mimxrt1021.o
                0x60004f1c                GPT2_IRQHandler
 .text.PWM1_0_IRQHandler
                0x60004f24        0x8 ./startup/startup_mimxrt1021.o
                0x60004f24                PWM1_0_IRQHandler
 .text.PWM1_1_IRQHandler
                0x60004f2c        0x8 ./startup/startup_mimxrt1021.o
                0x60004f2c                PWM1_1_IRQHandler
 .text.PWM1_2_IRQHandler
                0x60004f34        0x8 ./startup/startup_mimxrt1021.o
                0x60004f34                PWM1_2_IRQHandler
 .text.PWM1_3_IRQHandler
                0x60004f3c        0x8 ./startup/startup_mimxrt1021.o
                0x60004f3c                PWM1_3_IRQHandler
 .text.PWM1_FAULT_IRQHandler
                0x60004f44        0x8 ./startup/startup_mimxrt1021.o
                0x60004f44                PWM1_FAULT_IRQHandler
 .text.Reserved123_IRQHandler
                0x60004f4c        0x8 ./startup/startup_mimxrt1021.o
                0x60004f4c                Reserved123_IRQHandler
 .text.FLEXSPI_IRQHandler
                0x60004f54        0x8 ./startup/startup_mimxrt1021.o
                0x60004f54                FLEXSPI_IRQHandler
 .text.SEMC_IRQHandler
                0x60004f5c        0x8 ./startup/startup_mimxrt1021.o
                0x60004f5c                SEMC_IRQHandler
 .text.USDHC1_IRQHandler
                0x60004f64        0x8 ./startup/startup_mimxrt1021.o
                0x60004f64                USDHC1_IRQHandler
 .text.USDHC2_IRQHandler
                0x60004f6c        0x8 ./startup/startup_mimxrt1021.o
                0x60004f6c                USDHC2_IRQHandler
 .text.Reserved128_IRQHandler
                0x60004f74        0x8 ./startup/startup_mimxrt1021.o
                0x60004f74                Reserved128_IRQHandler
 .text.USB_OTG1_IRQHandler
                0x60004f7c        0x8 ./startup/startup_mimxrt1021.o
                0x60004f7c                USB_OTG1_IRQHandler
 .text.ENET_IRQHandler
                0x60004f84        0x8 ./startup/startup_mimxrt1021.o
                0x60004f84                ENET_IRQHandler
 .text.ENET_1588_Timer_IRQHandler
                0x60004f8c        0x8 ./startup/startup_mimxrt1021.o
                0x60004f8c                ENET_1588_Timer_IRQHandler
 .text.XBAR1_IRQ_0_1_IRQHandler
                0x60004f94        0x8 ./startup/startup_mimxrt1021.o
                0x60004f94                XBAR1_IRQ_0_1_IRQHandler
 .text.XBAR1_IRQ_2_3_IRQHandler
                0x60004f9c        0x8 ./startup/startup_mimxrt1021.o
                0x60004f9c                XBAR1_IRQ_2_3_IRQHandler
 .text.ADC_ETC_IRQ0_IRQHandler
                0x60004fa4        0x8 ./startup/startup_mimxrt1021.o
                0x60004fa4                ADC_ETC_IRQ0_IRQHandler
 .text.ADC_ETC_IRQ1_IRQHandler
                0x60004fac        0x8 ./startup/startup_mimxrt1021.o
                0x60004fac                ADC_ETC_IRQ1_IRQHandler
 .text.ADC_ETC_IRQ2_IRQHandler
                0x60004fb4        0x8 ./startup/startup_mimxrt1021.o
                0x60004fb4                ADC_ETC_IRQ2_IRQHandler
 .text.ADC_ETC_ERROR_IRQ_IRQHandler
                0x60004fbc        0x8 ./startup/startup_mimxrt1021.o
                0x60004fbc                ADC_ETC_ERROR_IRQ_IRQHandler
 .text.PIT_IRQHandler
                0x60004fc4        0x8 ./startup/startup_mimxrt1021.o
                0x60004fc4                PIT_IRQHandler
 .text.ACMP1_IRQHandler
                0x60004fcc        0x8 ./startup/startup_mimxrt1021.o
                0x60004fcc                ACMP1_IRQHandler
 .text.ACMP2_IRQHandler
                0x60004fd4        0x8 ./startup/startup_mimxrt1021.o
                0x60004fd4                ACMP2_IRQHandler
 .text.ACMP3_IRQHandler
                0x60004fdc        0x8 ./startup/startup_mimxrt1021.o
                0x60004fdc                ACMP3_IRQHandler
 .text.ACMP4_IRQHandler
                0x60004fe4        0x8 ./startup/startup_mimxrt1021.o
                0x60004fe4                ACMP4_IRQHandler
 .text.Reserved143_IRQHandler
                0x60004fec        0x8 ./startup/startup_mimxrt1021.o
                0x60004fec                Reserved143_IRQHandler
 .text.Reserved144_IRQHandler
                0x60004ff4        0x8 ./startup/startup_mimxrt1021.o
                0x60004ff4                Reserved144_IRQHandler
 .text.ENC1_IRQHandler
                0x60004ffc        0x8 ./startup/startup_mimxrt1021.o
                0x60004ffc                ENC1_IRQHandler
 .text.ENC2_IRQHandler
                0x60005004        0x8 ./startup/startup_mimxrt1021.o
                0x60005004                ENC2_IRQHandler
 .text.Reserved147_IRQHandler
                0x6000500c        0x8 ./startup/startup_mimxrt1021.o
                0x6000500c                Reserved147_IRQHandler
 .text.Reserved148_IRQHandler
                0x60005014        0x8 ./startup/startup_mimxrt1021.o
                0x60005014                Reserved148_IRQHandler
 .text.TMR1_IRQHandler
                0x6000501c        0x8 ./startup/startup_mimxrt1021.o
                0x6000501c                TMR1_IRQHandler
 .text.TMR2_IRQHandler
                0x60005024        0x8 ./startup/startup_mimxrt1021.o
                0x60005024                TMR2_IRQHandler
 .text.Reserved151_IRQHandler
                0x6000502c        0x8 ./startup/startup_mimxrt1021.o
                0x6000502c                Reserved151_IRQHandler
 .text.Reserved152_IRQHandler
                0x60005034        0x8 ./startup/startup_mimxrt1021.o
                0x60005034                Reserved152_IRQHandler
 .text.PWM2_0_IRQHandler
                0x6000503c        0x8 ./startup/startup_mimxrt1021.o
                0x6000503c                PWM2_0_IRQHandler
 .text.PWM2_1_IRQHandler
                0x60005044        0x8 ./startup/startup_mimxrt1021.o
                0x60005044                PWM2_1_IRQHandler
 .text.PWM2_2_IRQHandler
                0x6000504c        0x8 ./startup/startup_mimxrt1021.o
                0x6000504c                PWM2_2_IRQHandler
 .text.PWM2_3_IRQHandler
                0x60005054        0x8 ./startup/startup_mimxrt1021.o
                0x60005054                PWM2_3_IRQHandler
 .text.PWM2_FAULT_IRQHandler
                0x6000505c        0x8 ./startup/startup_mimxrt1021.o
                0x6000505c                PWM2_FAULT_IRQHandler
 .text.delay_ms
                0x60005064       0x46 ./source/hello_world.o
                0x60005064                delay_ms
 .text.HardFault_Handler
                0x600050aa       0x2c ./source/semihost_hardfault.o
                0x600050aa                HardFault_Handler
 .text.CLOCK_IsPllBypassed
                0x600050d6       0x32 ./drivers/fsl_clock.o
 .text.CLOCK_IsPllEnabled
                0x60005108       0x3c ./drivers/fsl_clock.o
 .text.CLOCK_GetPllBypassRefClk
                0x60005144       0x34 ./drivers/fsl_clock.o
 .text.CLOCK_EnableClock
                0x60005178       0x1e ./drivers/fsl_lpuart.o
 .text.LPUART_SoftwareReset
                0x60005196       0x2c ./drivers/fsl_lpuart.o
 .text.SystemInitHook
                0x600051c2        0xe ./device/system_MIMXRT1021.o
                0x600051c2                SystemInitHook
 .text.HAL_UartGetStatus
                0x600051d0       0x22 ./component/uart/lpuart_adapter.o
 .text.DisableGlobalIRQ
                0x600051f2       0x20 ./component/serial_manager/serial_manager.o
 .text.EnableGlobalIRQ
                0x60005212       0x1e ./component/serial_manager/serial_manager.o
 .text.SerialManager_StartWriting
                0x60005230       0x38 ./component/serial_manager/serial_manager.o
 .text.SerialManager_WriteBlocking
                0x60005268       0x20 ./component/serial_manager/serial_manager.o
                0x60005268                SerialManager_WriteBlocking
 .text.BOARD_InitDebugConsole
                0x60005288       0x22 ./board/board.o
                0x60005288                BOARD_InitDebugConsole
 .text.CLOCK_DisableClock
                0x600052aa       0x1e ./board/clock_config.o
 .text.CLOCK_SetPllBypass
                0x600052c8       0x4e ./board/clock_config.o
 .text.IOMUXC_SetSaiMClkClockSource
                0x60005316       0x6c ./board/clock_config.o
 .text.BOARD_InitBootClocks
                0x60005382        0xc ./board/clock_config.o
                0x60005382                BOARD_InitBootClocks
 .text.CLOCK_EnableClock
                0x6000538e       0x1e ./board/pin_mux.o
 .text.IOMUXC_SetPinMux
                0x600053ac       0x3a ./board/pin_mux.o
 .text.IOMUXC_SetPinConfig
                0x600053e6       0x26 ./board/pin_mux.o
 .text.__main   0x6000540c        0xe c:/nxp/mcuxpressoide_11.1.1_3241/ide/plugins/com.nxp.mcuxpresso.tools.win32_11.1.0.202001081728/tools/bin/../lib/gcc/arm-none-eabi/8.3.1/../../../../arm-none-eabi/lib/thumb/v7e-m+dp/hard\libcr_nohost_nf.a(_cr__main.o)
                0x6000540c                __main
 .text.memcpy   0x6000541a        0x4 c:/nxp/mcuxpressoide_11.1.1_3241/ide/plugins/com.nxp.mcuxpresso.tools.win32_11.1.0.202001081728/tools/bin/../lib/gcc/arm-none-eabi/8.3.1/../../../../arm-none-eabi/lib/thumb/v7e-m+dp/hard\libcr_c.a(memcpy.o)
                0x6000541a                memcpy
 .text.memset   0x6000541e        0x4 c:/nxp/mcuxpressoide_11.1.1_3241/ide/plugins/com.nxp.mcuxpresso.tools.win32_11.1.0.202001081728/tools/bin/../lib/gcc/arm-none-eabi/8.3.1/../../../../arm-none-eabi/lib/thumb/v7e-m+dp/hard\libcr_c.a(memset.o)
                0x6000541e                memset
 .text.free     0x60005422       0x30 c:/nxp/mcuxpressoide_11.1.1_3241/ide/plugins/com.nxp.mcuxpresso.tools.win32_11.1.0.202001081728/tools/bin/../lib/gcc/arm-none-eabi/8.3.1/../../../../arm-none-eabi/lib/thumb/v7e-m+dp/hard\libcr_c.a(alloc.o)
                0x60005422                free
 .text.strlen   0x60005452       0x4c c:/nxp/mcuxpressoide_11.1.1_3241/ide/plugins/com.nxp.mcuxpresso.tools.win32_11.1.0.202001081728/tools/bin/../lib/gcc/arm-none-eabi/8.3.1/../../../../arm-none-eabi/lib/thumb/v7e-m+dp/hard\libcr_c.a(strlen.o)
                0x60005452                strlen
 .text._deferredlazyseek
                0x6000549e       0x40 c:/nxp/mcuxpressoide_11.1.1_3241/ide/plugins/com.nxp.mcuxpresso.tools.win32_11.1.0.202001081728/tools/bin/../lib/gcc/arm-none-eabi/8.3.1/../../../../arm-none-eabi/lib/thumb/v7e-m+dp/hard\libcr_c.a(_deferredlazyseek.o)
                0x6000549e                _deferredlazyseek
 .text._fdopen  0x600054de       0x68 c:/nxp/mcuxpressoide_11.1.1_3241/ide/plugins/com.nxp.mcuxpresso.tools.win32_11.1.0.202001081728/tools/bin/../lib/gcc/arm-none-eabi/8.3.1/../../../../arm-none-eabi/lib/thumb/v7e-m+dp/hard\libcr_c.a(_fdopen.o)
                0x600054de                _fdopen
 .text._fflush  0x60005546       0x52 c:/nxp/mcuxpressoide_11.1.1_3241/ide/plugins/com.nxp.mcuxpresso.tools.win32_11.1.0.202001081728/tools/bin/../lib/gcc/arm-none-eabi/8.3.1/../../../../arm-none-eabi/lib/thumb/v7e-m+dp/hard\libcr_c.a(_fflush.o)
                0x60005546                _fflush
 .text.fclose   0x60005598       0x58 c:/nxp/mcuxpressoide_11.1.1_3241/ide/plugins/com.nxp.mcuxpresso.tools.win32_11.1.0.202001081728/tools/bin/../lib/gcc/arm-none-eabi/8.3.1/../../../../arm-none-eabi/lib/thumb/v7e-m+dp/hard\libcr_c.a(fclose.o)
                0x60005598                fclose
 .text.remove   0x600055f0       0x14 c:/nxp/mcuxpressoide_11.1.1_3241/ide/plugins/com.nxp.mcuxpresso.tools.win32_11.1.0.202001081728/tools/bin/../lib/gcc/arm-none-eabi/8.3.1/../../../../arm-none-eabi/lib/thumb/v7e-m+dp/hard\libcr_c.a(remove.o)
                0x600055f0                remove
 .text._do_fflush
                0x60005604       0x40 c:/nxp/mcuxpressoide_11.1.1_3241/ide/plugins/com.nxp.mcuxpresso.tools.win32_11.1.0.202001081728/tools/bin/../lib/gcc/arm-none-eabi/8.3.1/../../../../arm-none-eabi/lib/thumb/v7e-m+dp/hard\libcr_c.a(_do_fflush.o)
                0x60005604                _do_fflush
 .text.__aeabi_memcpy
                0x60005644       0x34 c:/nxp/mcuxpressoide_11.1.1_3241/ide/plugins/com.nxp.mcuxpresso.tools.win32_11.1.0.202001081728/tools/bin/../lib/gcc/arm-none-eabi/8.3.1/thumb/v7e-m+dp/hard\libcr_eabihelpers.a(memcpy.o)
                0x60005644                __aeabi_memcpy
                0x6000564e                __aeabi_memcpy8
                0x6000564e                __aeabi_memcpy4
 .text.__aeabi_memset_lowlevel
                0x60005678       0x32 c:/nxp/mcuxpressoide_11.1.1_3241/ide/plugins/com.nxp.mcuxpresso.tools.win32_11.1.0.202001081728/tools/bin/../lib/gcc/arm-none-eabi/8.3.1/thumb/v7e-m+dp/hard\libcr_eabihelpers.a(memcpy.o)
                0x60005678                __aeabi_lowlevel_memset
 .text.__sys_close
                0x600056aa        0x6 c:/nxp/mcuxpressoide_11.1.1_3241/ide/plugins/com.nxp.mcuxpresso.tools.win32_11.1.0.202001081728/tools/bin/../lib/gcc/arm-none-eabi/8.3.1/../../../../arm-none-eabi/lib/thumb/v7e-m+dp/hard\libcr_nohost_nf.a(__sys_close.o)
                0x600056aa                __sys_close
 .text.__sys_flen
                0x600056b0        0x6 c:/nxp/mcuxpressoide_11.1.1_3241/ide/plugins/com.nxp.mcuxpresso.tools.win32_11.1.0.202001081728/tools/bin/../lib/gcc/arm-none-eabi/8.3.1/../../../../arm-none-eabi/lib/thumb/v7e-m+dp/hard\libcr_nohost_nf.a(__sys_flen.o)
                0x600056b0                __sys_flen
 .text.__sys_istty
                0x600056b6        0x6 c:/nxp/mcuxpressoide_11.1.1_3241/ide/plugins/com.nxp.mcuxpresso.tools.win32_11.1.0.202001081728/tools/bin/../lib/gcc/arm-none-eabi/8.3.1/../../../../arm-none-eabi/lib/thumb/v7e-m+dp/hard\libcr_nohost_nf.a(__sys_istty.o)
                0x600056b6                __sys_istty
 .text.__sys_remove
                0x600056bc        0x6 c:/nxp/mcuxpressoide_11.1.1_3241/ide/plugins/com.nxp.mcuxpresso.tools.win32_11.1.0.202001081728/tools/bin/../lib/gcc/arm-none-eabi/8.3.1/../../../../arm-none-eabi/lib/thumb/v7e-m+dp/hard\libcr_nohost_nf.a(__sys_remove.o)
                0x600056bc                __sys_remove
 .text.__sys_seek
                0x600056c2        0x6 c:/nxp/mcuxpressoide_11.1.1_3241/ide/plugins/com.nxp.mcuxpresso.tools.win32_11.1.0.202001081728/tools/bin/../lib/gcc/arm-none-eabi/8.3.1/../../../../arm-none-eabi/lib/thumb/v7e-m+dp/hard\libcr_nohost_nf.a(__sys_seek.o)
                0x600056c2                __sys_seek
 .text.__sys_tmpnam
                0x600056c8        0x6 c:/nxp/mcuxpressoide_11.1.1_3241/ide/plugins/com.nxp.mcuxpresso.tools.win32_11.1.0.202001081728/tools/bin/../lib/gcc/arm-none-eabi/8.3.1/../../../../arm-none-eabi/lib/thumb/v7e-m+dp/hard\libcr_nohost_nf.a(__sys_tmpnam.o)
                0x600056c8                __sys_tmpnam
 .text.__sys_write
                0x600056ce        0x4 c:/nxp/mcuxpressoide_11.1.1_3241/ide/plugins/com.nxp.mcuxpresso.tools.win32_11.1.0.202001081728/tools/bin/../lib/gcc/arm-none-eabi/8.3.1/../../../../arm-none-eabi/lib/thumb/v7e-m+dp/hard\libcr_nohost_nf.a(__sys_write.o)
                0x600056ce                __sys_write
 *(SORT_BY_ALIGNMENT(.rodata) SORT_BY_ALIGNMENT(.rodata.*) SORT_BY_ALIGNMENT(.constdata) SORT_BY_ALIGNMENT(.constdata.*))
 *fill*         0x600056d2        0x2 ff
 .rodata.__assertion_failed.str1.4
                0x600056d4       0x14 ./utilities/fsl_assert.o
 .rodata.DbgConsole_SendDataReliable.str1.4
                0x600056e8       0x4e ./utilities/fsl_debug_console.o
 *fill*         0x60005736        0x2 ff
 .rodata.DbgConsole_Init.str1.4
                0x60005738       0xcb ./utilities/fsl_debug_console.o
 *fill*         0x60005803        0x1 ff
 .rodata.main.str1.4
                0x60005804       0x7b ./source/hello_world.o
 *fill*         0x6000587f        0x1 ff
 .rodata.CLOCK_InitExternalClk.str1.4
                0x60005880       0x22 ./drivers/fsl_clock.o
 *fill*         0x600058a2        0x2 ff
 .rodata.CLOCK_GetPllFreq.str1.4
                0x600058a4       0x35 ./drivers/fsl_clock.o
 *fill*         0x600058d9        0x3 ff
 .rodata        0x600058dc       0x10 ./drivers/fsl_clock.o
 .rodata.CLOCK_ControlGate.str1.4
                0x600058ec       0x20 ./drivers/fsl_lpuart.o
 .rodata.s_lpuartBases
                0x6000590c       0x24 ./drivers/fsl_lpuart.o
 .rodata.s_lpuartClock
                0x60005930       0x12 ./drivers/fsl_lpuart.o
 *fill*         0x60005942        0x2 ff
 .rodata.LPUART_GetInstance.str1.4
                0x60005944       0x39 ./drivers/fsl_lpuart.o
 *fill*         0x6000597d        0x3 ff
 .rodata.LPUART_Init.str1.4
                0x60005980      0x10c ./drivers/fsl_lpuart.o
 .rodata.LPUART_GetDefaultConfig.str1.4
                0x60005a8c       0x23 ./drivers/fsl_lpuart.o
 *fill*         0x60005aaf        0x1 ff
 .rodata.LPUART_WriteBlocking.str1.4
                0x60005ab0       0x21 ./drivers/fsl_lpuart.o
 *fill*         0x60005ad1        0x3 ff
 .rodata.s_LpuartAdapterBase
                0x60005ad4       0x24 ./component/uart/lpuart_adapter.o
 .rodata.HAL_UartInit.str1.4
                0x60005af8       0xe2 ./component/uart/lpuart_adapter.o
 *fill*         0x60005bda        0x2 ff
 .rodata.HAL_UartSendBlocking.str1.4
                0x60005bdc       0x5f ./component/uart/lpuart_adapter.o
 *fill*         0x60005c3b        0x1 ff
 .rodata.SerialManager_Write.str1.4
                0x60005c3c       0x83 ./component/serial_manager/serial_manager.o
 *fill*         0x60005cbf        0x1 ff
 .rodata.SerialManager_Init.str1.4
                0x60005cc0       0x45 ./component/serial_manager/serial_manager.o
 *fill*         0x60005d05        0x3 ff
 .rodata.SerialManager_OpenWriteHandle.str1.4
                0x60005d08       0x4d ./component/serial_manager/serial_manager.o
 *fill*         0x60005d55        0x3 ff
 .rodata.SerialManager_OpenReadHandle.str1.4
                0x60005d58       0x4c ./component/serial_manager/serial_manager.o
 .rodata.Serial_UartInit.str1.4
                0x60005da4       0x4f ./component/serial_manager/serial_port_uart.o
 *fill*         0x60005df3        0x1 ff
 .rodata.Serial_UartWrite.str1.4
                0x60005df4       0x6d ./component/serial_manager/serial_port_uart.o
 *fill*         0x60005e61        0x3 ff
 .rodata.BOARD_ConfigMPU.str1.4
                0x60005e64       0x6a ./board/board.o
 *fill*         0x60005ece        0x2 ff
 .rodata.CLOCK_SetMux.str1.4
                0x60005ed0       0x57 ./board/clock_config.o
 *fill*         0x60005f27        0x1 ff
 .rodata.CLOCK_SetDiv.str1.4
                0x60005f28       0x57 ./board/clock_config.o
 *fill*         0x60005f7f        0x1 ff
 .rodata.CLOCK_ControlGate.str1.4
                0x60005f80       0x48 ./board/clock_config.o
                                 0x46 (size before relaxing)
 .rodata.enetPllConfig_BOARD_BootClockRUN
                0x60005fc8        0x5 ./board/clock_config.o
                0x60005fc8                enetPllConfig_BOARD_BootClockRUN
 .rodata.CLOCK_ControlGate.str1.4
                0x60005fcd       0x46 ./board/pin_mux.o
 *fill*         0x60005fcd        0x3 ff
 .rodata.__num_Ciob_streams
                0x60005fd0        0x4 c:/nxp/mcuxpressoide_11.1.1_3241/ide/plugins/com.nxp.mcuxpresso.tools.win32_11.1.0.202001081728/tools/bin/../lib/gcc/arm-none-eabi/8.3.1/../../../../arm-none-eabi/lib/thumb/v7e-m+dp/hard\libcr_nohost_nf.a(__ciob.o)
                0x60005fd0                __num_Ciob_streams
 .rodata._initio.str1.1
                0x60005fd4        0x4 c:/nxp/mcuxpressoide_11.1.1_3241/ide/plugins/com.nxp.mcuxpresso.tools.win32_11.1.0.202001081728/tools/bin/../lib/gcc/arm-none-eabi/8.3.1/../../../../arm-none-eabi/lib/thumb/v7e-m+dp/hard\libcr_c.a(initio.o)
                0x60005fd8                . = ALIGN (0x4)

.glue_7         0x60005fd8        0x0
 .glue_7        0x60005fd8        0x0 linker stubs

.glue_7t        0x60005fd8        0x0
 .glue_7t       0x60005fd8        0x0 linker stubs

.vfp11_veneer   0x60005fd8        0x0
 .vfp11_veneer  0x60005fd8        0x0 linker stubs

.v4_bx          0x60005fd8        0x0
 .v4_bx         0x60005fd8        0x0 linker stubs

.iplt           0x60005fd8        0x0
 .iplt          0x60005fd8        0x0 ./xip/evkmimxrt1020_flexspi_nor_config.o

.rel.dyn        0x60005fd8        0x0
 .rel.iplt      0x60005fd8        0x0 ./xip/evkmimxrt1020_flexspi_nor_config.o

.ARM.extab
 *(SORT_BY_ALIGNMENT(.ARM.extab*) SORT_BY_ALIGNMENT(.gnu.linkonce.armextab.*))

.ARM.exidx      0x60005fd8        0x0
                0x60005fd8                __exidx_start = .
 *(SORT_BY_ALIGNMENT(.ARM.exidx*) SORT_BY_ALIGNMENT(.gnu.linkonce.armexidx.*))
                0x60005fd8                __exidx_end = .
                0x60005fd8                _etext = .

.data_RAM2      0x81e00000        0x0 load address 0x60005fd8
 FILL mask 0xff
                [!provide]                PROVIDE (__start_data_RAM2 = .)
                [!provide]                PROVIDE (__start_data_NCACHE_REGION = .)
 *(SORT_BY_ALIGNMENT(.ramfunc.$RAM2))
 *(SORT_BY_ALIGNMENT(.ramfunc.$NCACHE_REGION))
 *(SORT_BY_ALIGNMENT(NonCacheable.init))
 *(SORT_BY_ALIGNMENT(.data.$RAM2))
 *(SORT_BY_ALIGNMENT(.data.$NCACHE_REGION))
 *(SORT_BY_ALIGNMENT(.data.$RAM2.*))
 *(SORT_BY_ALIGNMENT(.data.$NCACHE_REGION.*))
                0x81e00000                . = ALIGN (0x4)
                [!provide]                PROVIDE (__end_data_RAM2 = .)
                [!provide]                PROVIDE (__end_data_NCACHE_REGION = .)

.data_RAM3      0x20000000        0x0 load address 0x60005fd8
 FILL mask 0xff
                [!provide]                PROVIDE (__start_data_RAM3 = .)
                [!provide]                PROVIDE (__start_data_SRAM_DTC = .)
 *(SORT_BY_ALIGNMENT(.ramfunc.$RAM3))
 *(SORT_BY_ALIGNMENT(.ramfunc.$SRAM_DTC))
 *(SORT_BY_ALIGNMENT(.data.$RAM3))
 *(SORT_BY_ALIGNMENT(.data.$SRAM_DTC))
 *(SORT_BY_ALIGNMENT(.data.$RAM3.*))
 *(SORT_BY_ALIGNMENT(.data.$SRAM_DTC.*))
                0x20000000                . = ALIGN (0x4)
                [!provide]                PROVIDE (__end_data_RAM3 = .)
                [!provide]                PROVIDE (__end_data_SRAM_DTC = .)

.data_RAM4      0x00000000        0x0 load address 0x60005fd8
 FILL mask 0xff
                [!provide]                PROVIDE (__start_data_RAM4 = .)
                [!provide]                PROVIDE (__start_data_SRAM_ITC = .)
 *(SORT_BY_ALIGNMENT(.ramfunc.$RAM4))
 *(SORT_BY_ALIGNMENT(.ramfunc.$SRAM_ITC))
 *(SORT_BY_ALIGNMENT(.data.$RAM4))
 *(SORT_BY_ALIGNMENT(.data.$SRAM_ITC))
 *(SORT_BY_ALIGNMENT(.data.$RAM4.*))
 *(SORT_BY_ALIGNMENT(.data.$SRAM_ITC.*))
                0x00000000                . = ALIGN (0x4)
                [!provide]                PROVIDE (__end_data_RAM4 = .)
                [!provide]                PROVIDE (__end_data_SRAM_ITC = .)

.data_RAM5      0x20200000        0x0 load address 0x60005fd8
 FILL mask 0xff
                [!provide]                PROVIDE (__start_data_RAM5 = .)
                [!provide]                PROVIDE (__start_data_SRAM_OC = .)
 *(SORT_BY_ALIGNMENT(.ramfunc.$RAM5))
 *(SORT_BY_ALIGNMENT(.ramfunc.$SRAM_OC))
 *(SORT_BY_ALIGNMENT(.data.$RAM5))
 *(SORT_BY_ALIGNMENT(.data.$SRAM_OC))
 *(SORT_BY_ALIGNMENT(.data.$RAM5.*))
 *(SORT_BY_ALIGNMENT(.data.$SRAM_OC.*))
                0x20200000                . = ALIGN (0x4)
                [!provide]                PROVIDE (__end_data_RAM5 = .)
                [!provide]                PROVIDE (__end_data_SRAM_OC = .)

.uninit_RESERVED
                0x80000000        0x0
                0x80000000                _start_uninit_RESERVED = .
 *(SORT_BY_ALIGNMENT(.bss.$RESERVED*))
                0x80000000                . = ALIGN (0x4)
                0x80000000                _end_uninit_RESERVED = .

.data           0x80000000        0x4 load address 0x60005fd8
 FILL mask 0xff
                0x80000000                _data = .
                [!provide]                PROVIDE (__start_data_RAM = .)
                [!provide]                PROVIDE (__start_data_BOARD_SDRAM = .)
 *(SORT_BY_ALIGNMENT(vtable))
 *(SORT_BY_ALIGNMENT(.ramfunc*))
 *(SORT_BY_ALIGNMENT(CodeQuickAccess))
 *(SORT_BY_ALIGNMENT(DataQuickAccess))
 *(SORT_BY_ALIGNMENT(RamFunction))
 *(SORT_BY_ALIGNMENT(.data*))
 .data.SystemCoreClock
                0x80000000        0x4 ./device/system_MIMXRT1021.o
                0x80000000                SystemCoreClock
                0x80000004                . = ALIGN (0x4)
                0x80000004                _edata = .
                [!provide]                PROVIDE (__end_data_RAM = .)
                [!provide]                PROVIDE (__end_data_BOARD_SDRAM = .)

.igot.plt       0x80000004        0x0 load address 0x60005fdc
 .igot.plt      0x80000004        0x0 ./xip/evkmimxrt1020_flexspi_nor_config.o

.bss_RAM2       0x81e00000       0x1c
                [!provide]                PROVIDE (__start_bss_RAM2 = .)
                [!provide]                PROVIDE (__start_bss_NCACHE_REGION = .)
 *(SORT_BY_ALIGNMENT(NonCacheable))
 NonCacheable   0x81e00000       0x1c ./utilities/fsl_debug_console.o
 *(SORT_BY_ALIGNMENT(.bss.$RAM2))
 *(SORT_BY_ALIGNMENT(.bss.$NCACHE_REGION))
 *(SORT_BY_ALIGNMENT(.bss.$RAM2.*))
 *(SORT_BY_ALIGNMENT(.bss.$NCACHE_REGION.*))
                0x81e0001c                . = ALIGN ((. != 0x0)?0x4:0x1)
                [!provide]                PROVIDE (__end_bss_RAM2 = .)
                [!provide]                PROVIDE (__end_bss_NCACHE_REGION = .)

.bss_RAM3       0x20000000        0x0
                [!provide]                PROVIDE (__start_bss_RAM3 = .)
                [!provide]                PROVIDE (__start_bss_SRAM_DTC = .)
 *(SORT_BY_ALIGNMENT(.bss.$RAM3))
 *(SORT_BY_ALIGNMENT(.bss.$SRAM_DTC))
 *(SORT_BY_ALIGNMENT(.bss.$RAM3.*))
 *(SORT_BY_ALIGNMENT(.bss.$SRAM_DTC.*))
                0x20000000                . = ALIGN ((. != 0x0)?0x4:0x1)
                [!provide]                PROVIDE (__end_bss_RAM3 = .)
                [!provide]                PROVIDE (__end_bss_SRAM_DTC = .)

.bss_RAM4       0x00000000        0x0
                [!provide]                PROVIDE (__start_bss_RAM4 = .)
                [!provide]                PROVIDE (__start_bss_SRAM_ITC = .)
 *(SORT_BY_ALIGNMENT(.bss.$RAM4))
 *(SORT_BY_ALIGNMENT(.bss.$SRAM_ITC))
 *(SORT_BY_ALIGNMENT(.bss.$RAM4.*))
 *(SORT_BY_ALIGNMENT(.bss.$SRAM_ITC.*))
                0x00000000                . = ALIGN ((. != 0x0)?0x4:0x1)
                [!provide]                PROVIDE (__end_bss_RAM4 = .)
                [!provide]                PROVIDE (__end_bss_SRAM_ITC = .)

.bss_RAM5       0x20200000        0x0
                [!provide]                PROVIDE (__start_bss_RAM5 = .)
                [!provide]                PROVIDE (__start_bss_SRAM_OC = .)
 *(SORT_BY_ALIGNMENT(.bss.$RAM5))
 *(SORT_BY_ALIGNMENT(.bss.$SRAM_OC))
 *(SORT_BY_ALIGNMENT(.bss.$RAM5.*))
 *(SORT_BY_ALIGNMENT(.bss.$SRAM_OC.*))
                0x20200000                . = ALIGN ((. != 0x0)?0x4:0x1)
                [!provide]                PROVIDE (__end_bss_RAM5 = .)
                [!provide]                PROVIDE (__end_bss_SRAM_OC = .)

.bss            0x80000004      0x10c
                0x80000004                _bss = .
                [!provide]                PROVIDE (__start_bss_RAM = .)
                [!provide]                PROVIDE (__start_bss_BOARD_SDRAM = .)
 *(SORT_BY_ALIGNMENT(.bss*))
 .bss.g_serialHandle
                0x80000004        0x4 ./utilities/fsl_debug_console.o
                0x80000004                g_serialHandle
 .bss.Image_Start
                0x80000008        0x4 ./source/hello_world.o
                0x80000008                Image_Start
 .bss.iap_config
                0x8000000c       0x14 ./source/hello_world.o
                0x8000000c                iap_config
 .bss.s_stackPointer.9524
                0x80000020        0x4 ./source/hello_world.o
 .bss.runApplication.9525
                0x80000024        0x4 ./source/hello_world.o
 .bss.g_xtalFreq
                0x80000028        0x4 ./drivers/fsl_clock.o
                0x80000028                g_xtalFreq
 .bss.g_rtcXtalFreq
                0x8000002c        0x4 ./drivers/fsl_clock.o
                0x8000002c                g_rtcXtalFreq
 .bss.s_lpuartHandle
                0x80000030       0x24 ./drivers/fsl_lpuart.o
 .bss.s_lpuartIsr
                0x80000054        0x4 ./drivers/fsl_lpuart.o
 .bss.errno     0x80000058        0x4 c:/nxp/mcuxpressoide_11.1.1_3241/ide/plugins/com.nxp.mcuxpresso.tools.win32_11.1.0.202001081728/tools/bin/../lib/gcc/arm-none-eabi/8.3.1/../../../../arm-none-eabi/lib/thumb/v7e-m+dp/hard\libcr_c.a(errno.o)
                0x80000058                errno
 .bss.__Ciob    0x8000005c       0xb4 c:/nxp/mcuxpressoide_11.1.1_3241/ide/plugins/com.nxp.mcuxpresso.tools.win32_11.1.0.202001081728/tools/bin/../lib/gcc/arm-none-eabi/8.3.1/../../../../arm-none-eabi/lib/thumb/v7e-m+dp/hard\libcr_nohost_nf.a(__ciob.o)
                0x8000005c                __Ciob
 *(SORT_BY_ALIGNMENT(COMMON))
                0x80000110                . = ALIGN (0x4)
                0x80000110                _ebss = .
                [!provide]                PROVIDE (__end_bss_RAM = .)
                [!provide]                PROVIDE (__end_bss_BOARD_SDRAM = .)
                [!provide]                PROVIDE (end = .)

.noinit_RAM2    0x81e0001c        0x0
                [!provide]                PROVIDE (__start_noinit_RAM2 = .)
                [!provide]                PROVIDE (__start_noinit_NCACHE_REGION = .)
 *(SORT_BY_ALIGNMENT(.noinit.$RAM2))
 *(SORT_BY_ALIGNMENT(.noinit.$NCACHE_REGION))
 *(SORT_BY_ALIGNMENT(.noinit.$RAM2.*))
 *(SORT_BY_ALIGNMENT(.noinit.$NCACHE_REGION.*))
                0x81e0001c                . = ALIGN (0x4)
                [!provide]                PROVIDE (__end_noinit_RAM2 = .)
                [!provide]                PROVIDE (__end_noinit_NCACHE_REGION = .)

.noinit_RAM3    0x20000000        0x0
                [!provide]                PROVIDE (__start_noinit_RAM3 = .)
                [!provide]                PROVIDE (__start_noinit_SRAM_DTC = .)
 *(SORT_BY_ALIGNMENT(.noinit.$RAM3))
 *(SORT_BY_ALIGNMENT(.noinit.$SRAM_DTC))
 *(SORT_BY_ALIGNMENT(.noinit.$RAM3.*))
 *(SORT_BY_ALIGNMENT(.noinit.$SRAM_DTC.*))
                0x20000000                . = ALIGN (0x4)
                [!provide]                PROVIDE (__end_noinit_RAM3 = .)
                [!provide]                PROVIDE (__end_noinit_SRAM_DTC = .)

.noinit_RAM4    0x00000000        0x0
                [!provide]                PROVIDE (__start_noinit_RAM4 = .)
                [!provide]                PROVIDE (__start_noinit_SRAM_ITC = .)
 *(SORT_BY_ALIGNMENT(.noinit.$RAM4))
 *(SORT_BY_ALIGNMENT(.noinit.$SRAM_ITC))
 *(SORT_BY_ALIGNMENT(.noinit.$RAM4.*))
 *(SORT_BY_ALIGNMENT(.noinit.$SRAM_ITC.*))
                0x00000000                . = ALIGN (0x4)
                [!provide]                PROVIDE (__end_noinit_RAM4 = .)
                [!provide]                PROVIDE (__end_noinit_SRAM_ITC = .)

.noinit_RAM5    0x20200000        0x0
                [!provide]                PROVIDE (__start_noinit_RAM5 = .)
                [!provide]                PROVIDE (__start_noinit_SRAM_OC = .)
 *(SORT_BY_ALIGNMENT(.noinit.$RAM5))
 *(SORT_BY_ALIGNMENT(.noinit.$SRAM_OC))
 *(SORT_BY_ALIGNMENT(.noinit.$RAM5.*))
 *(SORT_BY_ALIGNMENT(.noinit.$SRAM_OC.*))
                0x20200000                . = ALIGN (0x4)
                [!provide]                PROVIDE (__end_noinit_RAM5 = .)
                [!provide]                PROVIDE (__end_noinit_SRAM_OC = .)

.noinit         0x80000110        0x0
                0x80000110                _noinit = .
                [!provide]                PROVIDE (__start_noinit_RAM = .)
                [!provide]                PROVIDE (__start_noinit_BOARD_SDRAM = .)
 *(SORT_BY_ALIGNMENT(.noinit*))
                0x80000110                . = ALIGN (0x4)
                0x80000110                _end_noinit = .
                [!provide]                PROVIDE (__end_noinit_RAM = .)
                [!provide]                PROVIDE (__end_noinit_BOARD_SDRAM = .)
                0x00001000                _HeapSize = 0x1000

.heap           0x80000110     0x1000
                0x80000110                _pvHeapStart = .
                0x80001110                . = (. + _HeapSize)
 *fill*         0x80000110     0x1000 
                0x80001110                . = ALIGN (0x4)
                0x80001110                _pvHeapLimit = .
                0x00001000                _StackSize = 0x1000

.heap2stackfill
                0x80001110     0x1000
                0x80002110                . = (. + _StackSize)
 *fill*         0x80001110     0x1000 

.stack          0x81dff000        0x0
                0x81dff000                _vStackBase = .
                0x81dff000                . = ALIGN (0x4)
                0x81e00000                _vStackTop = (. + _StackSize)
                0x60002000                _image_start = LOADADDR (.text)
                0x60005fdc                _image_end = (LOADADDR (.data) + SIZEOF (.data))
                0x00003fdc                _image_size = (_image_end - _image_start)
OUTPUT(bootloader_M7.axf elf32-littlearm)

.debug_info     0x00000000     0xceef
 .debug_info    0x00000000      0x82c ./xip/evkmimxrt1020_flexspi_nor_config.o
 .debug_info    0x0000082c      0x610 ./xip/fsl_flexspi_nor_boot.o
 .debug_info    0x00000e3c      0x14f ./utilities/fsl_assert.o
 .debug_info    0x00000f8b      0xaae ./utilities/fsl_debug_console.o
 .debug_info    0x00001a39      0xafe ./utilities/fsl_str.o
 .debug_info    0x00002537      0xd01 ./startup/startup_mimxrt1021.o
 .debug_info    0x00003238      0xa4f ./source/hello_world.o
 .debug_info    0x00003c87       0x3c ./source/semihost_hardfault.o
 .debug_info    0x00003cc3     0x1b2a ./drivers/fsl_clock.o
 .debug_info    0x000057ed     0x21d4 ./drivers/fsl_lpuart.o
 .debug_info    0x000079c1      0xc9e ./device/system_MIMXRT1021.o
 .debug_info    0x0000865f      0xa5c ./component/uart/lpuart_adapter.o
 .debug_info    0x000090bb      0x8de ./component/serial_manager/serial_manager.o
 .debug_info    0x00009999      0x582 ./component/serial_manager/serial_port_uart.o
 .debug_info    0x00009f1b     0x10c4 ./board/board.o
 .debug_info    0x0000afdf     0x1698 ./board/clock_config.o
 .debug_info    0x0000c677       0xd9 ./board/dcd.o
 .debug_info    0x0000c750      0x79f ./board/pin_mux.o

.debug_abbrev   0x00000000     0x20ad
 .debug_abbrev  0x00000000      0x16e ./xip/evkmimxrt1020_flexspi_nor_config.o
 .debug_abbrev  0x0000016e      0x13f ./xip/fsl_flexspi_nor_boot.o
 .debug_abbrev  0x000002ad       0xbe ./utilities/fsl_assert.o
 .debug_abbrev  0x0000036b      0x20b ./utilities/fsl_debug_console.o
 .debug_abbrev  0x00000576      0x24d ./utilities/fsl_str.o
 .debug_abbrev  0x000007c3      0x147 ./startup/startup_mimxrt1021.o
 .debug_abbrev  0x0000090a      0x23c ./source/hello_world.o
 .debug_abbrev  0x00000b46       0x31 ./source/semihost_hardfault.o
 .debug_abbrev  0x00000b77      0x38b ./drivers/fsl_clock.o
 .debug_abbrev  0x00000f02      0x354 ./drivers/fsl_lpuart.o
 .debug_abbrev  0x00001256      0x1c7 ./device/system_MIMXRT1021.o
 .debug_abbrev  0x0000141d      0x1e1 ./component/uart/lpuart_adapter.o
 .debug_abbrev  0x000015fe      0x240 ./component/serial_manager/serial_manager.o
 .debug_abbrev  0x0000183e      0x160 ./component/serial_manager/serial_port_uart.o
 .debug_abbrev  0x0000199e      0x2d0 ./board/board.o
 .debug_abbrev  0x00001c6e      0x218 ./board/clock_config.o
 .debug_abbrev  0x00001e86       0x9f ./board/dcd.o
 .debug_abbrev  0x00001f25      0x188 ./board/pin_mux.o

.debug_aranges  0x00000000      0xbd8
 .debug_aranges
                0x00000000       0x18 ./xip/evkmimxrt1020_flexspi_nor_config.o
 .debug_aranges
                0x00000018       0x18 ./xip/fsl_flexspi_nor_boot.o
 .debug_aranges
                0x00000030       0x20 ./utilities/fsl_assert.o
 .debug_aranges
                0x00000050       0x88 ./utilities/fsl_debug_console.o
 .debug_aranges
                0x000000d8       0xb0 ./utilities/fsl_str.o
 .debug_aranges
                0x00000188      0x4f0 ./startup/startup_mimxrt1021.o
 .debug_aranges
                0x00000678       0x28 ./source/hello_world.o
 .debug_aranges
                0x000006a0       0x20 ./source/semihost_hardfault.o
 .debug_aranges
                0x000006c0      0x128 ./drivers/fsl_clock.o
 .debug_aranges
                0x000007e8      0x160 ./drivers/fsl_lpuart.o
 .debug_aranges
                0x00000948       0x30 ./device/system_MIMXRT1021.o
 .debug_aranges
                0x00000978       0x50 ./component/uart/lpuart_adapter.o
 .debug_aranges
                0x000009c8       0x98 ./component/serial_manager/serial_manager.o
 .debug_aranges
                0x00000a60       0x48 ./component/serial_manager/serial_port_uart.o
 .debug_aranges
                0x00000aa8       0x58 ./board/board.o
 .debug_aranges
                0x00000b00       0x78 ./board/clock_config.o
 .debug_aranges
                0x00000b78       0x18 ./board/dcd.o
 .debug_aranges
                0x00000b90       0x48 ./board/pin_mux.o

.debug_macro    0x00000000    0x25f14
 .debug_macro   0x00000000      0x118 ./xip/evkmimxrt1020_flexspi_nor_config.o
 .debug_macro   0x00000118      0xb1a ./xip/evkmimxrt1020_flexspi_nor_config.o
 .debug_macro   0x00000c32       0x10 ./xip/evkmimxrt1020_flexspi_nor_config.o
 .debug_macro   0x00000c42      0x12e ./xip/evkmimxrt1020_flexspi_nor_config.o
 .debug_macro   0x00000d70      0x5b3 ./xip/evkmimxrt1020_flexspi_nor_config.o
 .debug_macro   0x00001323       0x22 ./xip/evkmimxrt1020_flexspi_nor_config.o
 .debug_macro   0x00001345       0x16 ./xip/evkmimxrt1020_flexspi_nor_config.o
 .debug_macro   0x0000135b       0x22 ./xip/evkmimxrt1020_flexspi_nor_config.o
 .debug_macro   0x0000137d       0x10 ./xip/evkmimxrt1020_flexspi_nor_config.o
 .debug_macro   0x0000138d       0x4d ./xip/evkmimxrt1020_flexspi_nor_config.o
 .debug_macro   0x000013da       0x1c ./xip/evkmimxrt1020_flexspi_nor_config.o
 .debug_macro   0x000013f6       0x22 ./xip/evkmimxrt1020_flexspi_nor_config.o
 .debug_macro   0x00001418      0x101 ./xip/evkmimxrt1020_flexspi_nor_config.o
 .debug_macro   0x00001519     0x1305 ./xip/evkmimxrt1020_flexspi_nor_config.o
 .debug_macro   0x0000281e      0x11f ./xip/evkmimxrt1020_flexspi_nor_config.o
 .debug_macro   0x0000293d       0x27 ./xip/evkmimxrt1020_flexspi_nor_config.o
 .debug_macro   0x00002964       0x1c ./xip/evkmimxrt1020_flexspi_nor_config.o
 .debug_macro   0x00002980    0x1ffc2 ./xip/evkmimxrt1020_flexspi_nor_config.o
 .debug_macro   0x00022942      0x6da ./xip/evkmimxrt1020_flexspi_nor_config.o
 .debug_macro   0x0002301c       0xde ./xip/evkmimxrt1020_flexspi_nor_config.o
 .debug_macro   0x000230fa      0x1fb ./xip/evkmimxrt1020_flexspi_nor_config.o
 .debug_macro   0x000232f5      0x1a4 ./xip/evkmimxrt1020_flexspi_nor_config.o
 .debug_macro   0x00023499      0x13f ./xip/fsl_flexspi_nor_boot.o
 .debug_macro   0x000235d8      0x106 ./xip/fsl_flexspi_nor_boot.o
 .debug_macro   0x000236de       0x10 ./xip/fsl_flexspi_nor_boot.o
 .debug_macro   0x000236ee      0x166 ./xip/fsl_flexspi_nor_boot.o
 .debug_macro   0x00023854       0x7c ./xip/fsl_flexspi_nor_boot.o
 .debug_macro   0x000238d0      0x133 ./utilities/fsl_assert.o
 .debug_macro   0x00023a03       0x1c ./utilities/fsl_assert.o
 .debug_macro   0x00023a1f       0x2e ./utilities/fsl_assert.o
 .debug_macro   0x00023a4d       0x2e ./utilities/fsl_assert.o
 .debug_macro   0x00023a7b       0x47 ./utilities/fsl_assert.o
 .debug_macro   0x00023ac2       0x2e ./utilities/fsl_assert.o
 .debug_macro   0x00023af0      0x19f ./utilities/fsl_debug_console.o
 .debug_macro   0x00023c8f       0x16 ./utilities/fsl_debug_console.o
 .debug_macro   0x00023ca5       0x10 ./utilities/fsl_debug_console.o
 .debug_macro   0x00023cb5       0x28 ./utilities/fsl_debug_console.o
 .debug_macro   0x00023cdd       0x3b ./utilities/fsl_debug_console.o
 .debug_macro   0x00023d18       0x34 ./utilities/fsl_debug_console.o
 .debug_macro   0x00023d4c      0x128 ./utilities/fsl_str.o
 .debug_macro   0x00023e74       0xc4 ./utilities/fsl_str.o
 .debug_macro   0x00023f38       0x1c ./utilities/fsl_str.o
 .debug_macro   0x00023f54       0x41 ./utilities/fsl_str.o
 .debug_macro   0x00023f95       0x29 ./startup/startup_mimxrt1021.o
 .debug_macro   0x00023fbe      0x1a3 ./source/hello_world.o
 .debug_macro   0x00024161      0x10c ./source/hello_world.o
 .debug_macro   0x0002426d       0x2e ./source/hello_world.o
 .debug_macro   0x0002429b       0x11 ./source/semihost_hardfault.o
 .debug_macro   0x000242ac      0x103 ./drivers/fsl_clock.o
 .debug_macro   0x000243af      0x112 ./drivers/fsl_lpuart.o
 .debug_macro   0x000244c1       0x10 ./drivers/fsl_lpuart.o
 .debug_macro   0x000244d1       0xa7 ./device/system_MIMXRT1021.o
 .debug_macro   0x00024578      0x10f ./component/uart/lpuart_adapter.o
 .debug_macro   0x00024687       0x16 ./component/uart/lpuart_adapter.o
 .debug_macro   0x0002469d       0x2e ./component/uart/lpuart_adapter.o
 .debug_macro   0x000246cb      0x146 ./component/serial_manager/serial_manager.o
 .debug_macro   0x00024811      0x12e ./component/serial_manager/serial_port_uart.o
 .debug_macro   0x0002493f      0x15d ./board/board.o
 .debug_macro   0x00024a9c     0x11e1 ./board/board.o
 .debug_macro   0x00025c7d      0x115 ./board/clock_config.o
 .debug_macro   0x00025d92       0x51 ./board/dcd.o
 .debug_macro   0x00025de3       0x22 ./board/dcd.o
 .debug_macro   0x00025e05      0x10f ./board/pin_mux.o

.debug_line     0x00000000     0x7474
 .debug_line    0x00000000      0x30f ./xip/evkmimxrt1020_flexspi_nor_config.o
 .debug_line    0x0000030f      0x347 ./xip/fsl_flexspi_nor_boot.o
 .debug_line    0x00000656      0x3a5 ./utilities/fsl_assert.o
 .debug_line    0x000009fb      0x73f ./utilities/fsl_debug_console.o
 .debug_line    0x0000113a      0xa38 ./utilities/fsl_str.o
 .debug_line    0x00001b72      0xe51 ./startup/startup_mimxrt1021.o
 .debug_line    0x000029c3      0x4d9 ./source/hello_world.o
 .debug_line    0x00002e9c       0x5a ./source/semihost_hardfault.o
 .debug_line    0x00002ef6      0xba7 ./drivers/fsl_clock.o
 .debug_line    0x00003a9d     0x11fc ./drivers/fsl_lpuart.o
 .debug_line    0x00004c99      0x4a9 ./device/system_MIMXRT1021.o
 .debug_line    0x00005142      0x486 ./component/uart/lpuart_adapter.o
 .debug_line    0x000055c8      0x709 ./component/serial_manager/serial_manager.o
 .debug_line    0x00005cd1      0x4d5 ./component/serial_manager/serial_port_uart.o
 .debug_line    0x000061a6      0x752 ./board/board.o
 .debug_line    0x000068f8      0x637 ./board/clock_config.o
 .debug_line    0x00006f2f      0x168 ./board/dcd.o
 .debug_line    0x00007097      0x3dd ./board/pin_mux.o

.debug_str      0x00000000   0x12bed9
 .debug_str     0x00000000   0x117e6a ./xip/evkmimxrt1020_flexspi_nor_config.o
                             0x117f01 (size before relaxing)
 .debug_str     0x00117e6a     0x1662 ./xip/fsl_flexspi_nor_boot.o
                             0x118812 (size before relaxing)
 .debug_str     0x001194cc      0x670 ./utilities/fsl_assert.o
                             0x116fcd (size before relaxing)
 .debug_str     0x00119b3c      0xa68 ./utilities/fsl_debug_console.o
                             0x1182a9 (size before relaxing)
 .debug_str     0x0011a5a4      0x831 ./utilities/fsl_str.o
                             0x1173c5 (size before relaxing)
 .debug_str     0x0011add5      0xd35 ./startup/startup_mimxrt1021.o
                               0x3d35 (size before relaxing)
 .debug_str     0x0011bb0a      0x3f1 ./source/hello_world.o
                             0x118edd (size before relaxing)
 .debug_str     0x0011befb       0x1f ./source/semihost_hardfault.o
                               0x2fbb (size before relaxing)
 .debug_str     0x0011bf1a      0xd47 ./drivers/fsl_clock.o
                             0x118095 (size before relaxing)
 .debug_str     0x0011cc61     0x1f71 ./drivers/fsl_lpuart.o
                             0x119372 (size before relaxing)
 .debug_str     0x0011ebd2       0xe5 ./device/system_MIMXRT1021.o
                             0x115668 (size before relaxing)
 .debug_str     0x0011ecb7      0x2f9 ./component/uart/lpuart_adapter.o
                             0x117af9 (size before relaxing)
 .debug_str     0x0011efb0      0x3dd ./component/serial_manager/serial_manager.o
                             0x1174c3 (size before relaxing)
 .debug_str     0x0011f38d       0xed ./component/serial_manager/serial_port_uart.o
                             0x1174a6 (size before relaxing)
 .debug_str     0x0011f47a     0xc56d ./board/board.o
                             0x124c2f (size before relaxing)
 .debug_str     0x0012b9e7      0x3d7 ./board/clock_config.o
                             0x124c84 (size before relaxing)
 .debug_str     0x0012bdbe       0x6c ./board/dcd.o
                               0x4762 (size before relaxing)
 .debug_str     0x0012be2a       0xaf ./board/pin_mux.o
                             0x1232a1 (size before relaxing)

.comment        0x00000000       0x76
 .comment       0x00000000       0x76 ./xip/evkmimxrt1020_flexspi_nor_config.o
                                 0x77 (size before relaxing)
 .comment       0x00000076       0x77 ./xip/fsl_flexspi_nor_boot.o
 .comment       0x00000076       0x77 ./utilities/fsl_assert.o
 .comment       0x00000076       0x77 ./utilities/fsl_debug_console.o
 .comment       0x00000076       0x77 ./utilities/fsl_str.o
 .comment       0x00000076       0x77 ./startup/startup_mimxrt1021.o
 .comment       0x00000076       0x77 ./source/hello_world.o
 .comment       0x00000076       0x77 ./source/semihost_hardfault.o
 .comment       0x00000076       0x77 ./drivers/fsl_clock.o
 .comment       0x00000076       0x77 ./drivers/fsl_lpuart.o
 .comment       0x00000076       0x77 ./device/system_MIMXRT1021.o
 .comment       0x00000076       0x77 ./component/uart/lpuart_adapter.o
 .comment       0x00000076       0x77 ./component/serial_manager/serial_manager.o
 .comment       0x00000076       0x77 ./component/serial_manager/serial_port_uart.o
 .comment       0x00000076       0x77 ./board/board.o
 .comment       0x00000076       0x77 ./board/clock_config.o
 .comment       0x00000076       0x77 ./board/dcd.o
 .comment       0x00000076       0x77 ./board/pin_mux.o
 .comment       0x00000076       0x77 c:/nxp/mcuxpressoide_11.1.1_3241/ide/plugins/com.nxp.mcuxpresso.tools.win32_11.1.0.202001081728/tools/bin/../lib/gcc/arm-none-eabi/8.3.1/../../../../arm-none-eabi/lib/thumb/v7e-m+dp/hard\libcr_nohost_nf.a(_cr__main.o)
 .comment       0x00000076       0x77 c:/nxp/mcuxpressoide_11.1.1_3241/ide/plugins/com.nxp.mcuxpresso.tools.win32_11.1.0.202001081728/tools/bin/../lib/gcc/arm-none-eabi/8.3.1/../../../../arm-none-eabi/lib/thumb/v7e-m+dp/hard\libcr_c.a(memcpy.o)
 .comment       0x00000076       0x77 c:/nxp/mcuxpressoide_11.1.1_3241/ide/plugins/com.nxp.mcuxpresso.tools.win32_11.1.0.202001081728/tools/bin/../lib/gcc/arm-none-eabi/8.3.1/../../../../arm-none-eabi/lib/thumb/v7e-m+dp/hard\libcr_c.a(memset.o)
 .comment       0x00000076       0x77 c:/nxp/mcuxpressoide_11.1.1_3241/ide/plugins/com.nxp.mcuxpresso.tools.win32_11.1.0.202001081728/tools/bin/../lib/gcc/arm-none-eabi/8.3.1/../../../../arm-none-eabi/lib/thumb/v7e-m+dp/hard\libcr_c.a(alloc.o)
 .comment       0x00000076       0x77 c:/nxp/mcuxpressoide_11.1.1_3241/ide/plugins/com.nxp.mcuxpresso.tools.win32_11.1.0.202001081728/tools/bin/../lib/gcc/arm-none-eabi/8.3.1/../../../../arm-none-eabi/lib/thumb/v7e-m+dp/hard\libcr_c.a(initio.o)
 .comment       0x00000076       0x77 c:/nxp/mcuxpressoide_11.1.1_3241/ide/plugins/com.nxp.mcuxpresso.tools.win32_11.1.0.202001081728/tools/bin/../lib/gcc/arm-none-eabi/8.3.1/../../../../arm-none-eabi/lib/thumb/v7e-m+dp/hard\libcr_c.a(setvbuf.o)
 .comment       0x00000076       0x77 c:/nxp/mcuxpressoide_11.1.1_3241/ide/plugins/com.nxp.mcuxpresso.tools.win32_11.1.0.202001081728/tools/bin/../lib/gcc/arm-none-eabi/8.3.1/../../../../arm-none-eabi/lib/thumb/v7e-m+dp/hard\libcr_c.a(strlen.o)
 .comment       0x00000076       0x77 c:/nxp/mcuxpressoide_11.1.1_3241/ide/plugins/com.nxp.mcuxpresso.tools.win32_11.1.0.202001081728/tools/bin/../lib/gcc/arm-none-eabi/8.3.1/../../../../arm-none-eabi/lib/thumb/v7e-m+dp/hard\libcr_c.a(_deferredlazyseek.o)
 .comment       0x00000076       0x77 c:/nxp/mcuxpressoide_11.1.1_3241/ide/plugins/com.nxp.mcuxpresso.tools.win32_11.1.0.202001081728/tools/bin/../lib/gcc/arm-none-eabi/8.3.1/../../../../arm-none-eabi/lib/thumb/v7e-m+dp/hard\libcr_c.a(_fdopen.o)
 .comment       0x00000076       0x77 c:/nxp/mcuxpressoide_11.1.1_3241/ide/plugins/com.nxp.mcuxpresso.tools.win32_11.1.0.202001081728/tools/bin/../lib/gcc/arm-none-eabi/8.3.1/../../../../arm-none-eabi/lib/thumb/v7e-m+dp/hard\libcr_c.a(_fflush.o)
 .comment       0x00000076       0x77 c:/nxp/mcuxpressoide_11.1.1_3241/ide/plugins/com.nxp.mcuxpresso.tools.win32_11.1.0.202001081728/tools/bin/../lib/gcc/arm-none-eabi/8.3.1/../../../../arm-none-eabi/lib/thumb/v7e-m+dp/hard\libcr_c.a(_writebuf.o)
 .comment       0x00000076       0x77 c:/nxp/mcuxpressoide_11.1.1_3241/ide/plugins/com.nxp.mcuxpresso.tools.win32_11.1.0.202001081728/tools/bin/../lib/gcc/arm-none-eabi/8.3.1/../../../../arm-none-eabi/lib/thumb/v7e-m+dp/hard\libcr_c.a(errno.o)
 .comment       0x00000076       0x77 c:/nxp/mcuxpressoide_11.1.1_3241/ide/plugins/com.nxp.mcuxpresso.tools.win32_11.1.0.202001081728/tools/bin/../lib/gcc/arm-none-eabi/8.3.1/../../../../arm-none-eabi/lib/thumb/v7e-m+dp/hard\libcr_c.a(fclose.o)
 .comment       0x00000076       0x77 c:/nxp/mcuxpressoide_11.1.1_3241/ide/plugins/com.nxp.mcuxpresso.tools.win32_11.1.0.202001081728/tools/bin/../lib/gcc/arm-none-eabi/8.3.1/../../../../arm-none-eabi/lib/thumb/v7e-m+dp/hard\libcr_c.a(fflush.o)
 .comment       0x00000076       0x77 c:/nxp/mcuxpressoide_11.1.1_3241/ide/plugins/com.nxp.mcuxpresso.tools.win32_11.1.0.202001081728/tools/bin/../lib/gcc/arm-none-eabi/8.3.1/../../../../arm-none-eabi/lib/thumb/v7e-m+dp/hard\libcr_c.a(fseek.o)
 .comment       0x00000076       0x77 c:/nxp/mcuxpressoide_11.1.1_3241/ide/plugins/com.nxp.mcuxpresso.tools.win32_11.1.0.202001081728/tools/bin/../lib/gcc/arm-none-eabi/8.3.1/../../../../arm-none-eabi/lib/thumb/v7e-m+dp/hard\libcr_c.a(ftell.o)
 .comment       0x00000076       0x77 c:/nxp/mcuxpressoide_11.1.1_3241/ide/plugins/com.nxp.mcuxpresso.tools.win32_11.1.0.202001081728/tools/bin/../lib/gcc/arm-none-eabi/8.3.1/../../../../arm-none-eabi/lib/thumb/v7e-m+dp/hard\libcr_c.a(remove.o)
 .comment       0x00000076       0x77 c:/nxp/mcuxpressoide_11.1.1_3241/ide/plugins/com.nxp.mcuxpresso.tools.win32_11.1.0.202001081728/tools/bin/../lib/gcc/arm-none-eabi/8.3.1/../../../../arm-none-eabi/lib/thumb/v7e-m+dp/hard\libcr_c.a(_do_fflush.o)
 .comment       0x00000076       0x77 c:/nxp/mcuxpressoide_11.1.1_3241/ide/plugins/com.nxp.mcuxpresso.tools.win32_11.1.0.202001081728/tools/bin/../lib/gcc/arm-none-eabi/8.3.1/../../../../arm-none-eabi/lib/thumb/v7e-m+dp/hard\libcr_nohost_nf.a(__ciob.o)
 .comment       0x00000076       0x77 c:/nxp/mcuxpressoide_11.1.1_3241/ide/plugins/com.nxp.mcuxpresso.tools.win32_11.1.0.202001081728/tools/bin/../lib/gcc/arm-none-eabi/8.3.1/../../../../arm-none-eabi/lib/thumb/v7e-m+dp/hard\libcr_nohost_nf.a(__sys_close.o)